========================================================================
First test parallel epoch 3
========================================================================
LR schedule: [2, 3, 4]
local_rank   0
Number of pool layers = 3
CNF coder: 512
CNF coder: 1024
CNF coder: 2048
img_types   1
img_types   6
train/test loader length 280 117
train/test loader batches 9 4
/gpfsscratch/rech/ohv/ueu39kt/CFLOW/weights/carpet_parallel_hatim_10102022/carpet/4/mvtec_wide_resnet50_2_freia-cflow_pl3_cb8_inp512_run0_carpet_mataepoch_4_subepoch_0_decoder_0.pt
/gpfsscratch/rech/ohv/ueu39kt/CFLOW/weights/carpet_parallel_hatim_10102022/carpet/4/mvtec_wide_resnet50_2_freia-cflow_pl3_cb8_inp512_run0_carpet_mataepoch_4_subepoch_0_decoder_1.pt
/gpfsscratch/rech/ohv/ueu39kt/CFLOW/weights/carpet_parallel_hatim_10102022/carpet/4/mvtec_wide_resnet50_2_freia-cflow_pl3_cb8_inp512_run0_carpet_mataepoch_4_subepoch_0_decoder_2.pt
Eval model parallel

Compute loss and scores on test set:
step  % :  0.0  i/I =  0 / 4
Epoch: 0 	 step: 0.0000 
Epoch: 0 	 test_loss: 0.2136 and 6.03 fps
DET_AUROC: 	 last: 98.39 	 max: 98.39 	 epoch_max: 0
DET_AUROC  0.9839486356340288
 SEG_AUROC   0.9900738702195374
SEG_AUROC: 	 last: 99.01 	 max: 99.01 	 epoch_max: 0
