========================================================================
First test
========================================================================
LR schedule: [12, 18, 22]
Number of pool layers = 3
CNF coder: 512
CNF coder: 1024
CNF coder: 2048
img_types   1
img_types   6
train/test loader length 280 117
train/test loader batches 8 4
Loading weights from /gpfsscratch/rech/ohv/ueu39kt/CFLOW/weights/carpet_parallel_2809_2/carpet/1/mvtec_wide_resnet50_2_freia-cflow_pl3_cb8_inp512_run0_carpet_1_0.pt
Len test_loader   4

Compute loss and scores on test set:
step  % :  0.0  i/I =  0 / 4
Epoch: 0 	 step: 0.0000 
Epoch: 0 	 test_loss: 1.2693 and 5.92 fps
DET_AUROC: 	 last: 90.33 	 max: 90.33 	 epoch_max: 0
DET_AUROC  0.9032905296950241
 SEG_AUROC   0.920909486803563
SEG_AUROC: 	 last: 92.09 	 max: 92.09 	 epoch_max: 0
========================================================================
First Bis test
========================================================================
LR schedule: [12, 18, 22]
Number of pool layers = 3
CNF coder: 512
CNF coder: 1024
CNF coder: 2048
img_types   1
img_types   6
train/test loader length 280 117
train/test loader batches 8 4
Loading weights from /gpfsscratch/rech/ohv/ueu39kt/CFLOW/weights/carpet_parallel_2809_2/carpet/1/mvtec_wide_resnet50_2_freia-cflow_pl3_cb8_inp512_run0_carpet_1_0.pt
Len test_loader   4

Compute loss and scores on test set:
step  % :  0.0  i/I =  0 / 4
Epoch: 0 	 step: 0.0000 
Epoch: 0 	 test_loss: 1.2711 and 5.82 fps
DET_AUROC: 	 last: 90.33 	 max: 90.33 	 epoch_max: 0
DET_AUROC  0.903290529695024
 SEG_AUROC   0.9204624707113239
SEG_AUROC: 	 last: 92.05 	 max: 92.05 	 epoch_max: 0
========================================================================
Second test
========================================================================
LR schedule: [12, 18, 22]
Number of pool layers = 3
CNF coder: 512
CNF coder: 1024
CNF coder: 2048
img_types   1
img_types   6
train/test loader length 280 117
train/test loader batches 8 4
Loading weights from /gpfsscratch/rech/ohv/ueu39kt/CFLOW/weights/carpet_parallel_2809_2/carpet/2/mvtec_wide_resnet50_2_freia-cflow_pl3_cb8_inp512_run0_carpet_2_0.pt
Len test_loader   4

Compute loss and scores on test set:
step  % :  0.0  i/I =  0 / 4
Epoch: 0 	 step: 0.0000 
Epoch: 0 	 test_loss: 1.2717 and 5.61 fps
DET_AUROC: 	 last: 90.21 	 max: 90.21 	 epoch_max: 0
DET_AUROC  0.9020866773675762
 SEG_AUROC   0.9176266264688043
SEG_AUROC: 	 last: 91.76 	 max: 91.76 	 epoch_max: 0
========================================================================
Third test
========================================================================
LR schedule: [12, 18, 22]
Number of pool layers = 3
CNF coder: 512
CNF coder: 1024
CNF coder: 2048
img_types   1
img_types   6
train/test loader length 280 117
train/test loader batches 8 4
Loading weights from /gpfsscratch/rech/ohv/ueu39kt/CFLOW/weights/carpet_parallel_2809_2/carpet/10/mvtec_wide_resnet50_2_freia-cflow_pl3_cb8_inp512_run0_carpet_10_0.pt
Len test_loader   4

Compute loss and scores on test set:
step  % :  0.0  i/I =  0 / 4
Epoch: 0 	 step: 0.0000 
Epoch: 0 	 test_loss: 1.2697 and 5.87 fps
DET_AUROC: 	 last: 90.21 	 max: 90.21 	 epoch_max: 0
DET_AUROC  0.9020866773675761
 SEG_AUROC   0.9177930845687016
SEG_AUROC: 	 last: 91.78 	 max: 91.78 	 epoch_max: 0
========================================================================
Not parallel
========================================================================
