LR schedule: [12, 18, 22]
Number of pool layers = 3
CNF coder: 512
CNF coder: 1024
CNF coder: 2048
img_types   1
img_types   6
train/test loader length 280 117
train/test loader batches 8 4
Loading weights from /gpfsscratch/rech/ohv/ueu39kt/CFLOW/weights/carpet_not_parallel_0310/carpet/3/mvtec_wide_resnet50_2_freia-cflow_pl3_cb8_inp512_run0_carpet_3_0.pt
Len test_loader   4

Compute loss and scores on test set:
step  % :  0.0  i/I =  0 / 4
Epoch: 0 	 step: 0.0000 
Epoch: 0 	 test_loss: 2.1897 and 5.95 fps
DET_AUROC: 	 last: 97.75 	 max: 97.75 	 epoch_max: 0
DET_AUROC  0.9775280898876404
 SEG_AUROC   0.9867160323086527
SEG_AUROC: 	 last: 98.67 	 max: 98.67 	 epoch_max: 0
