========================================================================
First test parallel epoch 3
========================================================================
LR schedule: [12, 18, 22]
local_rank   0
Number of pool layers = 3
CNF coder: 512
CNF coder: 1024
CNF coder: 2048
img_types   1
img_types   6
Load weights Parallel
/gpfsscratch/rech/ohv/ueu39kt/CFLOW/weights/FlowOnImageNet_carpet_parallel_hatim_1110/carpet/4/mvtec_wide_resnet50_2_freia-cflow_pl3_cb8_inp512_run0_carpet_mataepoch_4_subepoch_0_loader_0_decoder_0.pt
/gpfsscratch/rech/ohv/ueu39kt/CFLOW/weights/FlowOnImageNet_carpet_parallel_hatim_1110/carpet/4/mvtec_wide_resnet50_2_freia-cflow_pl3_cb8_inp512_run0_carpet_mataepoch_4_subepoch_0_loader_0_decoder_1.pt
/gpfsscratch/rech/ohv/ueu39kt/CFLOW/weights/FlowOnImageNet_carpet_parallel_hatim_1110/carpet/4/mvtec_wide_resnet50_2_freia-cflow_pl3_cb8_inp512_run0_carpet_mataepoch_4_subepoch_0_loader_0_decoder_2.pt
Len test_loader   4
Eval model parallel

Compute loss and scores on test set:
step  % :  0.0  i/I =  0 / 4
Epoch: 0 	 step: 0.0000 
Epoch: 0 	 test_loss: 51.9490 and 5.33 fps
DET_AUROC: 	 last: 98.96 	 max: 98.96 	 epoch_max: 0
DET_AUROC  0.9895666131621187
 SEG_AUROC   0.9900274579507298
SEG_AUROC: 	 last: 99.00 	 max: 99.00 	 epoch_max: 0
