LR schedule: [12, 18, 22]
Number of pool layers = 3
CNF coder: 512
CNF coder: 1024
CNF coder: 2048
Loading weights from /gpfsscratch/rech/ohv/ueu39kt/CFLOW/weights/TumorNormal/Tumor/11/TumorNormal_wide_resnet50_2_freia-cflow_pl3_cb8_inp384_run0_Tumor_11_2.pt

Compute loss and scores on test set:
os.path.join(c.viz_dir, c.class_name, res_tab_name)   /gpfsscratch/rech/ohv/ueu39kt/CFLOW/viz/TumorNormal_Inf_LCNEC_Massimo_VAL4/Tumor/results_table.csv

 test_meta_epoch_lnen - step  % :  0.0  i/I =  0 / 4574
Epoch: 0 	 step: 0.0000 

 test_meta_epoch_lnen - step  % :  21.86270222999563  i/I =  1000 / 4574
Epoch: 0 	 step: 1000.0000 

 test_meta_epoch_lnen - step  % :  43.72540445999126  i/I =  2000 / 4574
Epoch: 0 	 step: 2000.0000 

 test_meta_epoch_lnen - step  % :  65.58810668998689  i/I =  3000 / 4574
Epoch: 0 	 step: 3000.0000 

 test_meta_epoch_lnen - step  % :  87.45080891998252  i/I =  4000 / 4574
Epoch: 0 	 step: 4000.0000 
