 c.data_path   /gpfsscratch/rech/ohv/ueu39kt/Tiles_HE_all_samples_384_384_Vahadane_2
LR schedule: [12, 18, 22]
Number of pool layers = 3
CNF coder: 512
CNF coder: 1024
CNF coder: 2048
train/test loader length 381227 381227
train/test loader batches 11913 11914
Loading weights from /gpfsscratch/rech/ohv/ueu39kt/CFLOW/weights/TumorNormal/Tumor/11/TumorNormal_wide_resnet50_2_freia-cflow_pl3_cb8_inp384_run0_Tumor_11_2.pt

Compute loss and scores on test set:
os.path.join(c.viz_dir, c.class_name, res_tab_name)   /gpfsscratch/rech/ohv/ueu39kt/CFLOW/viz/TumorNormal_Inf_TNE09/Tumor/results_table.csv

 step  % :  0.0  i/I =  0 / 11914
Epoch: 0 	 step: 0.0000 

 step  % :  0.16786973308712438  i/I =  20 / 11914

 step  % :  0.33573946617424877  i/I =  40 / 11914

 step  % :  0.5036091992613732  i/I =  60 / 11914

 step  % :  0.6714789323484975  i/I =  80 / 11914

 step  % :  0.8393486654356219  i/I =  100 / 11914

 step  % :  1.0072183985227463  i/I =  120 / 11914

 step  % :  1.1750881316098707  i/I =  140 / 11914

 step  % :  1.342957864696995  i/I =  160 / 11914

 step  % :  1.5108275977841197  i/I =  180 / 11914

 step  % :  1.6786973308712438  i/I =  200 / 11914

 step  % :  1.8465670639583684  i/I =  220 / 11914

 step  % :  2.0144367970454926  i/I =  240 / 11914

 step  % :  2.182306530132617  i/I =  260 / 11914

 step  % :  2.3501762632197414  i/I =  280 / 11914

 step  % :  2.5180459963068658  i/I =  300 / 11914

 step  % :  2.68591572939399  i/I =  320 / 11914

 step  % :  2.8537854624811145  i/I =  340 / 11914

 step  % :  3.0216551955682394  i/I =  360 / 11914

 step  % :  3.1895249286553637  i/I =  380 / 11914

 step  % :  3.3573946617424877  i/I =  400 / 11914

 step  % :  3.525264394829612  i/I =  420 / 11914

 step  % :  3.693134127916737  i/I =  440 / 11914

 step  % :  3.861003861003861  i/I =  460 / 11914

 step  % :  4.028873594090985  i/I =  480 / 11914

 step  % :  4.19674332717811  i/I =  500 / 11914

 step  % :  4.364613060265234  i/I =  520 / 11914

 step  % :  4.532482793352358  i/I =  540 / 11914

 step  % :  4.700352526439483  i/I =  560 / 11914

 step  % :  4.868222259526608  i/I =  580 / 11914

 step  % :  5.0360919926137315  i/I =  600 / 11914

 step  % :  5.203961725700856  i/I =  620 / 11914

 step  % :  5.37183145878798  i/I =  640 / 11914

 step  % :  5.539701191875105  i/I =  660 / 11914

 step  % :  5.707570924962229  i/I =  680 / 11914

 step  % :  5.875440658049354  i/I =  700 / 11914

 step  % :  6.043310391136479  i/I =  720 / 11914

 step  % :  6.211180124223603  i/I =  740 / 11914

 step  % :  6.3790498573107275  i/I =  760 / 11914

 step  % :  6.546919590397851  i/I =  780 / 11914

 step  % :  6.714789323484975  i/I =  800 / 11914

 step  % :  6.8826590565721  i/I =  820 / 11914

 step  % :  7.050528789659224  i/I =  840 / 11914

 step  % :  7.218398522746348  i/I =  860 / 11914

 step  % :  7.386268255833474  i/I =  880 / 11914

 step  % :  7.554137988920598  i/I =  900 / 11914

 step  % :  7.722007722007722  i/I =  920 / 11914

 step  % :  7.889877455094846  i/I =  940 / 11914

 step  % :  8.05774718818197  i/I =  960 / 11914

 step  % :  8.225616921269095  i/I =  980 / 11914

 step  % :  8.39348665435622  i/I =  1000 / 11914
Epoch: 0 	 step: 1000.0000 

 step  % :  8.561356387443345  i/I =  1020 / 11914

 step  % :  8.729226120530468  i/I =  1040 / 11914

 step  % :  8.897095853617593  i/I =  1060 / 11914

 step  % :  9.064965586704716  i/I =  1080 / 11914

 step  % :  9.232835319791842  i/I =  1100 / 11914

 step  % :  9.400705052878966  i/I =  1120 / 11914

 step  % :  9.56857478596609  i/I =  1140 / 11914

 step  % :  9.736444519053215  i/I =  1160 / 11914

 step  % :  9.90431425214034  i/I =  1180 / 11914

 step  % :  10.072183985227463  i/I =  1200 / 11914

 step  % :  10.240053718314588  i/I =  1220 / 11914

 step  % :  10.407923451401713  i/I =  1240 / 11914

 step  % :  10.575793184488838  i/I =  1260 / 11914

 step  % :  10.74366291757596  i/I =  1280 / 11914

 step  % :  10.911532650663085  i/I =  1300 / 11914

 step  % :  11.07940238375021  i/I =  1320 / 11914

 step  % :  11.247272116837333  i/I =  1340 / 11914

 step  % :  11.415141849924458  i/I =  1360 / 11914

 step  % :  11.583011583011583  i/I =  1380 / 11914

 step  % :  11.750881316098708  i/I =  1400 / 11914

 step  % :  11.91875104918583  i/I =  1420 / 11914

 step  % :  12.086620782272957  i/I =  1440 / 11914

 step  % :  12.25449051536008  i/I =  1460 / 11914

 step  % :  12.422360248447205  i/I =  1480 / 11914

 step  % :  12.590229981534328  i/I =  1500 / 11914

 step  % :  12.758099714621455  i/I =  1520 / 11914

 step  % :  12.925969447708576  i/I =  1540 / 11914

 step  % :  13.093839180795703  i/I =  1560 / 11914

 step  % :  13.261708913882828  i/I =  1580 / 11914

 step  % :  13.42957864696995  i/I =  1600 / 11914

 step  % :  13.597448380057076  i/I =  1620 / 11914

 step  % :  13.7653181131442  i/I =  1640 / 11914

 step  % :  13.933187846231323  i/I =  1660 / 11914

 step  % :  14.101057579318448  i/I =  1680 / 11914

 step  % :  14.268927312405575  i/I =  1700 / 11914

 step  % :  14.436797045492696  i/I =  1720 / 11914

 step  % :  14.604666778579823  i/I =  1740 / 11914

 step  % :  14.772536511666948  i/I =  1760 / 11914

 step  % :  14.94040624475407  i/I =  1780 / 11914

 step  % :  15.108275977841195  i/I =  1800 / 11914

 step  % :  15.276145710928319  i/I =  1820 / 11914

 step  % :  15.444015444015443  i/I =  1840 / 11914

 step  % :  15.611885177102568  i/I =  1860 / 11914

 step  % :  15.779754910189691  i/I =  1880 / 11914

 step  % :  15.947624643276818  i/I =  1900 / 11914

 step  % :  16.11549437636394  i/I =  1920 / 11914

 step  % :  16.283364109451064  i/I =  1940 / 11914

 step  % :  16.45123384253819  i/I =  1960 / 11914

 step  % :  16.619103575625317  i/I =  1980 / 11914

 step  % :  16.78697330871244  i/I =  2000 / 11914
Epoch: 0 	 step: 2000.0000 

 step  % :  16.954843041799563  i/I =  2020 / 11914

 step  % :  17.12271277488669  i/I =  2040 / 11914

 step  % :  17.290582507973813  i/I =  2060 / 11914

 step  % :  17.458452241060936  i/I =  2080 / 11914

 step  % :  17.62632197414806  i/I =  2100 / 11914

 step  % :  17.794191707235186  i/I =  2120 / 11914

 step  % :  17.962061440322312  i/I =  2140 / 11914

 step  % :  18.12993117340943  i/I =  2160 / 11914

 step  % :  18.29780090649656  i/I =  2180 / 11914

 step  % :  18.465670639583685  i/I =  2200 / 11914

 step  % :  18.633540372670808  i/I =  2220 / 11914

 step  % :  18.80141010575793  i/I =  2240 / 11914

 step  % :  18.969279838845058  i/I =  2260 / 11914

 step  % :  19.13714957193218  i/I =  2280 / 11914

 step  % :  19.305019305019304  i/I =  2300 / 11914

 step  % :  19.47288903810643  i/I =  2320 / 11914

 step  % :  19.640758771193553  i/I =  2340 / 11914

 step  % :  19.80862850428068  i/I =  2360 / 11914

 step  % :  19.9764982373678  i/I =  2380 / 11914

 step  % :  20.144367970454926  i/I =  2400 / 11914

 step  % :  20.312237703542053  i/I =  2420 / 11914

 step  % :  20.480107436629176  i/I =  2440 / 11914

 step  % :  20.6479771697163  i/I =  2460 / 11914

 step  % :  20.815846902803425  i/I =  2480 / 11914

 step  % :  20.98371663589055  i/I =  2500 / 11914

 step  % :  21.151586368977675  i/I =  2520 / 11914

 step  % :  21.319456102064798  i/I =  2540 / 11914

 step  % :  21.48732583515192  i/I =  2560 / 11914

 step  % :  21.655195568239048  i/I =  2580 / 11914

 step  % :  21.82306530132617  i/I =  2600 / 11914

 step  % :  21.990935034413294  i/I =  2620 / 11914

 step  % :  22.15880476750042  i/I =  2640 / 11914

 step  % :  22.326674500587544  i/I =  2660 / 11914

 step  % :  22.494544233674667  i/I =  2680 / 11914

 step  % :  22.662413966761793  i/I =  2700 / 11914

 step  % :  22.830283699848916  i/I =  2720 / 11914

 step  % :  22.998153432936043  i/I =  2740 / 11914

 step  % :  23.166023166023166  i/I =  2760 / 11914

 step  % :  23.33389289911029  i/I =  2780 / 11914

 step  % :  23.501762632197416  i/I =  2800 / 11914

 step  % :  23.66963236528454  i/I =  2820 / 11914

 step  % :  23.83750209837166  i/I =  2840 / 11914

 step  % :  24.00537183145879  i/I =  2860 / 11914

 step  % :  24.173241564545915  i/I =  2880 / 11914

 step  % :  24.341111297633038  i/I =  2900 / 11914

 step  % :  24.50898103072016  i/I =  2920 / 11914

 step  % :  24.676850763807284  i/I =  2940 / 11914

 step  % :  24.84472049689441  i/I =  2960 / 11914

 step  % :  25.012590229981534  i/I =  2980 / 11914

 step  % :  25.180459963068657  i/I =  3000 / 11914
Epoch: 0 	 step: 3000.0000 

 step  % :  25.348329696155787  i/I =  3020 / 11914

 step  % :  25.51619942924291  i/I =  3040 / 11914

 step  % :  25.68406916233003  i/I =  3060 / 11914

 step  % :  25.851938895417153  i/I =  3080 / 11914

 step  % :  26.019808628504283  i/I =  3100 / 11914

 step  % :  26.187678361591406  i/I =  3120 / 11914

 step  % :  26.355548094678525  i/I =  3140 / 11914

 step  % :  26.523417827765655  i/I =  3160 / 11914

 step  % :  26.69128756085278  i/I =  3180 / 11914

 step  % :  26.8591572939399  i/I =  3200 / 11914

 step  % :  27.027027027027028  i/I =  3220 / 11914

 step  % :  27.19489676011415  i/I =  3240 / 11914

 step  % :  27.362766493201274  i/I =  3260 / 11914

 step  % :  27.5306362262884  i/I =  3280 / 11914

 step  % :  27.698505959375524  i/I =  3300 / 11914

 step  % :  27.866375692462647  i/I =  3320 / 11914

 step  % :  28.034245425549777  i/I =  3340 / 11914

 step  % :  28.202115158636897  i/I =  3360 / 11914

 step  % :  28.36998489172402  i/I =  3380 / 11914

 step  % :  28.53785462481115  i/I =  3400 / 11914

 step  % :  28.705724357898273  i/I =  3420 / 11914

 step  % :  28.873594090985392  i/I =  3440 / 11914

 step  % :  29.041463824072522  i/I =  3460 / 11914

 step  % :  29.209333557159646  i/I =  3480 / 11914

 step  % :  29.37720329024677  i/I =  3500 / 11914

 step  % :  29.545073023333895  i/I =  3520 / 11914

 step  % :  29.71294275642102  i/I =  3540 / 11914

 step  % :  29.88081248950814  i/I =  3560 / 11914

 step  % :  30.048682222595268  i/I =  3580 / 11914

 step  % :  30.21655195568239  i/I =  3600 / 11914

 step  % :  30.384421688769514  i/I =  3620 / 11914

 step  % :  30.552291421856637  i/I =  3640 / 11914

 step  % :  30.720161154943764  i/I =  3660 / 11914

 step  % :  30.888030888030887  i/I =  3680 / 11914

 step  % :  31.05590062111801  i/I =  3700 / 11914

 step  % :  31.223770354205136  i/I =  3720 / 11914

 step  % :  31.39164008729226  i/I =  3740 / 11914

 step  % :  31.559509820379382  i/I =  3760 / 11914

 step  % :  31.727379553466513  i/I =  3780 / 11914

 step  % :  31.895249286553636  i/I =  3800 / 11914

 step  % :  32.06311901964076  i/I =  3820 / 11914

 step  % :  32.23098875272788  i/I =  3840 / 11914

 step  % :  32.398858485815005  i/I =  3860 / 11914

 step  % :  32.56672821890213  i/I =  3880 / 11914

 step  % :  32.73459795198926  i/I =  3900 / 11914

 step  % :  32.90246768507638  i/I =  3920 / 11914

 step  % :  33.070337418163504  i/I =  3940 / 11914

 step  % :  33.238207151250634  i/I =  3960 / 11914

 step  % :  33.40607688433776  i/I =  3980 / 11914

 step  % :  33.57394661742488  i/I =  4000 / 11914
Epoch: 0 	 step: 4000.0000 

 step  % :  33.741816350512  i/I =  4020 / 11914

 step  % :  33.90968608359913  i/I =  4040 / 11914

 step  % :  34.07755581668625  i/I =  4060 / 11914

 step  % :  34.24542554977338  i/I =  4080 / 11914

 step  % :  34.4132952828605  i/I =  4100 / 11914

 step  % :  34.581165015947626  i/I =  4120 / 11914

 step  % :  34.74903474903475  i/I =  4140 / 11914

 step  % :  34.91690448212187  i/I =  4160 / 11914

 step  % :  35.084774215208995  i/I =  4180 / 11914

 step  % :  35.25264394829612  i/I =  4200 / 11914

 step  % :  35.42051368138325  i/I =  4220 / 11914

 step  % :  35.58838341447037  i/I =  4240 / 11914

 step  % :  35.756253147557494  i/I =  4260 / 11914

 step  % :  35.924122880644624  i/I =  4280 / 11914

 step  % :  36.09199261373174  i/I =  4300 / 11914

 step  % :  36.25986234681886  i/I =  4320 / 11914

 step  % :  36.427732079905994  i/I =  4340 / 11914

 step  % :  36.59560181299312  i/I =  4360 / 11914

 step  % :  36.76347154608024  i/I =  4380 / 11914

 step  % :  36.93134127916737  i/I =  4400 / 11914

 step  % :  37.09921101225449  i/I =  4420 / 11914

 step  % :  37.267080745341616  i/I =  4440 / 11914

 step  % :  37.43495047842874  i/I =  4460 / 11914

 step  % :  37.60282021151586  i/I =  4480 / 11914

 step  % :  37.770689944602985  i/I =  4500 / 11914

 step  % :  37.938559677690115  i/I =  4520 / 11914

 step  % :  38.10642941077724  i/I =  4540 / 11914

 step  % :  38.27429914386436  i/I =  4560 / 11914

 step  % :  38.442168876951484  i/I =  4580 / 11914

 step  % :  38.61003861003861  i/I =  4600 / 11914

 step  % :  38.77790834312573  i/I =  4620 / 11914

 step  % :  38.94577807621286  i/I =  4640 / 11914

 step  % :  39.113647809299984  i/I =  4660 / 11914

 step  % :  39.28151754238711  i/I =  4680 / 11914

 step  % :  39.44938727547424  i/I =  4700 / 11914

 step  % :  39.61725700856136  i/I =  4720 / 11914

 step  % :  39.78512674164848  i/I =  4740 / 11914

 step  % :  39.9529964747356  i/I =  4760 / 11914

 step  % :  40.12086620782273  i/I =  4780 / 11914

 step  % :  40.28873594090985  i/I =  4800 / 11914

 step  % :  40.456605673996975  i/I =  4820 / 11914

 step  % :  40.624475407084105  i/I =  4840 / 11914

 step  % :  40.79234514017123  i/I =  4860 / 11914

 step  % :  40.96021487325835  i/I =  4880 / 11914

 step  % :  41.128084606345475  i/I =  4900 / 11914

 step  % :  41.2959543394326  i/I =  4920 / 11914

 step  % :  41.46382407251972  i/I =  4940 / 11914

 step  % :  41.63169380560685  i/I =  4960 / 11914

 step  % :  41.799563538693974  i/I =  4980 / 11914

 step  % :  41.9674332717811  i/I =  5000 / 11914
Epoch: 0 	 step: 5000.0000 

 step  % :  42.13530300486823  i/I =  5020 / 11914

 step  % :  42.30317273795535  i/I =  5040 / 11914

 step  % :  42.471042471042466  i/I =  5060 / 11914

 step  % :  42.638912204129596  i/I =  5080 / 11914

 step  % :  42.80678193721672  i/I =  5100 / 11914

 step  % :  42.97465167030384  i/I =  5120 / 11914

 step  % :  43.14252140339097  i/I =  5140 / 11914

 step  % :  43.310391136478096  i/I =  5160 / 11914

 step  % :  43.47826086956522  i/I =  5180 / 11914

 step  % :  43.64613060265234  i/I =  5200 / 11914

 step  % :  43.814000335739465  i/I =  5220 / 11914

 step  % :  43.98187006882659  i/I =  5240 / 11914

 step  % :  44.14973980191372  i/I =  5260 / 11914

 step  % :  44.31760953500084  i/I =  5280 / 11914

 step  % :  44.485479268087964  i/I =  5300 / 11914

 step  % :  44.65334900117509  i/I =  5320 / 11914

 step  % :  44.82121873426222  i/I =  5340 / 11914

 step  % :  44.98908846734933  i/I =  5360 / 11914

 step  % :  45.156958200436456  i/I =  5380 / 11914

 step  % :  45.324827933523586  i/I =  5400 / 11914

 step  % :  45.49269766661071  i/I =  5420 / 11914

 step  % :  45.66056739969783  i/I =  5440 / 11914

 step  % :  45.82843713278496  i/I =  5460 / 11914

 step  % :  45.996306865872086  i/I =  5480 / 11914

 step  % :  46.16417659895921  i/I =  5500 / 11914

 step  % :  46.33204633204633  i/I =  5520 / 11914

 step  % :  46.499916065133455  i/I =  5540 / 11914

 step  % :  46.66778579822058  i/I =  5560 / 11914

 step  % :  46.83565553130771  i/I =  5580 / 11914

 step  % :  47.00352526439483  i/I =  5600 / 11914

 step  % :  47.171394997481954  i/I =  5620 / 11914

 step  % :  47.33926473056908  i/I =  5640 / 11914

 step  % :  47.5071344636562  i/I =  5660 / 11914

 step  % :  47.67500419674332  i/I =  5680 / 11914

 step  % :  47.84287392983045  i/I =  5700 / 11914

 step  % :  48.01074366291758  i/I =  5720 / 11914

 step  % :  48.1786133960047  i/I =  5740 / 11914

 step  % :  48.34648312909183  i/I =  5760 / 11914

 step  % :  48.51435286217895  i/I =  5780 / 11914

 step  % :  48.682222595266076  i/I =  5800 / 11914

 step  % :  48.85009232835319  i/I =  5820 / 11914

 step  % :  49.01796206144032  i/I =  5840 / 11914

 step  % :  49.185831794527445  i/I =  5860 / 11914

 step  % :  49.35370152761457  i/I =  5880 / 11914

 step  % :  49.5215712607017  i/I =  5900 / 11914

 step  % :  49.68944099378882  i/I =  5920 / 11914

 step  % :  49.857310726875944  i/I =  5940 / 11914

 step  % :  50.02518045996307  i/I =  5960 / 11914

 step  % :  50.19305019305019  i/I =  5980 / 11914

 step  % :  50.36091992613731  i/I =  6000 / 11914
Epoch: 0 	 step: 6000.0000 

 step  % :  50.52878965922444  i/I =  6020 / 11914

 step  % :  50.696659392311574  i/I =  6040 / 11914

 step  % :  50.8645291253987  i/I =  6060 / 11914

 step  % :  51.03239885848582  i/I =  6080 / 11914

 step  % :  51.200268591572936  i/I =  6100 / 11914

 step  % :  51.36813832466006  i/I =  6120 / 11914

 step  % :  51.53600805774718  i/I =  6140 / 11914

 step  % :  51.703877790834305  i/I =  6160 / 11914

 step  % :  51.87174752392144  i/I =  6180 / 11914

 step  % :  52.039617257008565  i/I =  6200 / 11914

 step  % :  52.20748699009569  i/I =  6220 / 11914

 step  % :  52.37535672318281  i/I =  6240 / 11914

 step  % :  52.543226456269934  i/I =  6260 / 11914

 step  % :  52.71109618935705  i/I =  6280 / 11914

 step  % :  52.87896592244419  i/I =  6300 / 11914

 step  % :  53.04683565553131  i/I =  6320 / 11914

 step  % :  53.214705388618434  i/I =  6340 / 11914

 step  % :  53.38257512170556  i/I =  6360 / 11914

 step  % :  53.55044485479268  i/I =  6380 / 11914

 step  % :  53.7183145878798  i/I =  6400 / 11914

 step  % :  53.88618432096693  i/I =  6420 / 11914

 step  % :  54.054054054054056  i/I =  6440 / 11914

 step  % :  54.22192378714118  i/I =  6460 / 11914

 step  % :  54.3897935202283  i/I =  6480 / 11914

 step  % :  54.557663253315425  i/I =  6500 / 11914

 step  % :  54.72553298640255  i/I =  6520 / 11914

 step  % :  54.89340271948968  i/I =  6540 / 11914

 step  % :  55.0612724525768  i/I =  6560 / 11914

 step  % :  55.229142185663925  i/I =  6580 / 11914

 step  % :  55.39701191875105  i/I =  6600 / 11914

 step  % :  55.56488165183817  i/I =  6620 / 11914

 step  % :  55.732751384925294  i/I =  6640 / 11914

 step  % :  55.90062111801242  i/I =  6660 / 11914

 step  % :  56.068490851099554  i/I =  6680 / 11914

 step  % :  56.23636058418667  i/I =  6700 / 11914

 step  % :  56.40423031727379  i/I =  6720 / 11914

 step  % :  56.572100050360916  i/I =  6740 / 11914

 step  % :  56.73996978344804  i/I =  6760 / 11914

 step  % :  56.90783951653516  i/I =  6780 / 11914

 step  % :  57.0757092496223  i/I =  6800 / 11914

 step  % :  57.24357898270942  i/I =  6820 / 11914

 step  % :  57.411448715796546  i/I =  6840 / 11914

 step  % :  57.57931844888367  i/I =  6860 / 11914

 step  % :  57.747188181970785  i/I =  6880 / 11914

 step  % :  57.91505791505791  i/I =  6900 / 11914

 step  % :  58.082927648145045  i/I =  6920 / 11914

 step  % :  58.25079738123217  i/I =  6940 / 11914

 step  % :  58.41866711431929  i/I =  6960 / 11914

 step  % :  58.586536847406414  i/I =  6980 / 11914

 step  % :  58.75440658049354  i/I =  7000 / 11914
Epoch: 0 	 step: 7000.0000 

 step  % :  58.92227631358066  i/I =  7020 / 11914

 step  % :  59.09014604666779  i/I =  7040 / 11914

 step  % :  59.25801577975491  i/I =  7060 / 11914

 step  % :  59.42588551284204  i/I =  7080 / 11914

 step  % :  59.59375524592916  i/I =  7100 / 11914

 step  % :  59.76162497901628  i/I =  7120 / 11914

 step  % :  59.929494712103406  i/I =  7140 / 11914

 step  % :  60.097364445190536  i/I =  7160 / 11914

 step  % :  60.26523417827766  i/I =  7180 / 11914

 step  % :  60.43310391136478  i/I =  7200 / 11914

 step  % :  60.600973644451905  i/I =  7220 / 11914

 step  % :  60.76884337753903  i/I =  7240 / 11914

 step  % :  60.93671311062615  i/I =  7260 / 11914

 step  % :  61.104582843713274  i/I =  7280 / 11914

 step  % :  61.272452576800404  i/I =  7300 / 11914

 step  % :  61.44032230988753  i/I =  7320 / 11914

 step  % :  61.60819204297465  i/I =  7340 / 11914

 step  % :  61.77606177606177  i/I =  7360 / 11914

 step  % :  61.9439315091489  i/I =  7380 / 11914

 step  % :  62.11180124223602  i/I =  7400 / 11914

 step  % :  62.27967097532316  i/I =  7420 / 11914

 step  % :  62.44754070841027  i/I =  7440 / 11914

 step  % :  62.615410441497396  i/I =  7460 / 11914

 step  % :  62.78328017458452  i/I =  7480 / 11914

 step  % :  62.95114990767164  i/I =  7500 / 11914

 step  % :  63.119019640758765  i/I =  7520 / 11914

 step  % :  63.2868893738459  i/I =  7540 / 11914

 step  % :  63.454759106933025  i/I =  7560 / 11914

 step  % :  63.62262884002015  i/I =  7580 / 11914

 step  % :  63.79049857310727  i/I =  7600 / 11914

 step  % :  63.95836830619439  i/I =  7620 / 11914

 step  % :  64.12623803928152  i/I =  7640 / 11914

 step  % :  64.29410777236865  i/I =  7660 / 11914

 step  % :  64.46197750545576  i/I =  7680 / 11914

 step  % :  64.6298472385429  i/I =  7700 / 11914

 step  % :  64.79771697163001  i/I =  7720 / 11914

 step  % :  64.96558670471714  i/I =  7740 / 11914

 step  % :  65.13345643780426  i/I =  7760 / 11914

 step  % :  65.30132617089139  i/I =  7780 / 11914

 step  % :  65.46919590397852  i/I =  7800 / 11914

 step  % :  65.63706563706563  i/I =  7820 / 11914

 step  % :  65.80493537015276  i/I =  7840 / 11914

 step  % :  65.97280510323988  i/I =  7860 / 11914

 step  % :  66.14067483632701  i/I =  7880 / 11914

 step  % :  66.30854456941412  i/I =  7900 / 11914

 step  % :  66.47641430250127  i/I =  7920 / 11914

 step  % :  66.64428403558838  i/I =  7940 / 11914

 step  % :  66.81215376867551  i/I =  7960 / 11914

 step  % :  66.98002350176263  i/I =  7980 / 11914

 step  % :  67.14789323484976  i/I =  8000 / 11914
Epoch: 0 	 step: 8000.0000 

 step  % :  67.31576296793688  i/I =  8020 / 11914

 step  % :  67.483632701024  i/I =  8040 / 11914

 step  % :  67.65150243411114  i/I =  8060 / 11914

 step  % :  67.81937216719825  i/I =  8080 / 11914

 step  % :  67.98724190028538  i/I =  8100 / 11914

 step  % :  68.1551116333725  i/I =  8120 / 11914

 step  % :  68.32298136645963  i/I =  8140 / 11914

 step  % :  68.49085109954676  i/I =  8160 / 11914

 step  % :  68.65872083263388  i/I =  8180 / 11914

 step  % :  68.826590565721  i/I =  8200 / 11914

 step  % :  68.99446029880812  i/I =  8220 / 11914

 step  % :  69.16233003189525  i/I =  8240 / 11914

 step  % :  69.33019976498237  i/I =  8260 / 11914

 step  % :  69.4980694980695  i/I =  8280 / 11914

 step  % :  69.66593923115663  i/I =  8300 / 11914

 step  % :  69.83380896424374  i/I =  8320 / 11914

 step  % :  70.00167869733087  i/I =  8340 / 11914

 step  % :  70.16954843041799  i/I =  8360 / 11914

 step  % :  70.33741816350512  i/I =  8380 / 11914

 step  % :  70.50528789659224  i/I =  8400 / 11914

 step  % :  70.67315762967937  i/I =  8420 / 11914

 step  % :  70.8410273627665  i/I =  8440 / 11914

 step  % :  71.00889709585361  i/I =  8460 / 11914

 step  % :  71.17676682894074  i/I =  8480 / 11914

 step  % :  71.34463656202786  i/I =  8500 / 11914

 step  % :  71.51250629511499  i/I =  8520 / 11914

 step  % :  71.68037602820212  i/I =  8540 / 11914

 step  % :  71.84824576128925  i/I =  8560 / 11914

 step  % :  72.01611549437636  i/I =  8580 / 11914

 step  % :  72.18398522746348  i/I =  8600 / 11914

 step  % :  72.35185496055061  i/I =  8620 / 11914

 step  % :  72.51972469363773  i/I =  8640 / 11914

 step  % :  72.68759442672487  i/I =  8660 / 11914

 step  % :  72.85546415981199  i/I =  8680 / 11914

 step  % :  73.02333389289912  i/I =  8700 / 11914

 step  % :  73.19120362598623  i/I =  8720 / 11914

 step  % :  73.35907335907336  i/I =  8740 / 11914

 step  % :  73.52694309216048  i/I =  8760 / 11914

 step  % :  73.69481282524761  i/I =  8780 / 11914

 step  % :  73.86268255833474  i/I =  8800 / 11914

 step  % :  74.03055229142186  i/I =  8820 / 11914

 step  % :  74.19842202450899  i/I =  8840 / 11914

 step  % :  74.3662917575961  i/I =  8860 / 11914

 step  % :  74.53416149068323  i/I =  8880 / 11914

 step  % :  74.70203122377035  i/I =  8900 / 11914

 step  % :  74.86990095685748  i/I =  8920 / 11914

 step  % :  75.03777068994461  i/I =  8940 / 11914

 step  % :  75.20564042303172  i/I =  8960 / 11914

 step  % :  75.37351015611885  i/I =  8980 / 11914

 step  % :  75.54137988920597  i/I =  9000 / 11914
Epoch: 0 	 step: 9000.0000 

 step  % :  75.7092496222931  i/I =  9020 / 11914

 step  % :  75.87711935538023  i/I =  9040 / 11914

 step  % :  76.04498908846735  i/I =  9060 / 11914

 step  % :  76.21285882155448  i/I =  9080 / 11914

 step  % :  76.38072855464159  i/I =  9100 / 11914

 step  % :  76.54859828772872  i/I =  9120 / 11914

 step  % :  76.71646802081584  i/I =  9140 / 11914

 step  % :  76.88433775390297  i/I =  9160 / 11914

 step  % :  77.0522074869901  i/I =  9180 / 11914

 step  % :  77.22007722007721  i/I =  9200 / 11914

 step  % :  77.38794695316435  i/I =  9220 / 11914

 step  % :  77.55581668625146  i/I =  9240 / 11914

 step  % :  77.72368641933859  i/I =  9260 / 11914

 step  % :  77.89155615242572  i/I =  9280 / 11914

 step  % :  78.05942588551285  i/I =  9300 / 11914

 step  % :  78.22729561859997  i/I =  9320 / 11914

 step  % :  78.3951653516871  i/I =  9340 / 11914

 step  % :  78.56303508477421  i/I =  9360 / 11914

 step  % :  78.73090481786133  i/I =  9380 / 11914

 step  % :  78.89877455094847  i/I =  9400 / 11914

 step  % :  79.06664428403559  i/I =  9420 / 11914

 step  % :  79.23451401712272  i/I =  9440 / 11914

 step  % :  79.40238375020984  i/I =  9460 / 11914

 step  % :  79.57025348329697  i/I =  9480 / 11914

 step  % :  79.73812321638408  i/I =  9500 / 11914

 step  % :  79.9059929494712  i/I =  9520 / 11914

 step  % :  80.07386268255834  i/I =  9540 / 11914

 step  % :  80.24173241564546  i/I =  9560 / 11914

 step  % :  80.40960214873259  i/I =  9580 / 11914

 step  % :  80.5774718818197  i/I =  9600 / 11914

 step  % :  80.74534161490683  i/I =  9620 / 11914

 step  % :  80.91321134799395  i/I =  9640 / 11914

 step  % :  81.08108108108108  i/I =  9660 / 11914

 step  % :  81.24895081416821  i/I =  9680 / 11914

 step  % :  81.41682054725533  i/I =  9700 / 11914

 step  % :  81.58469028034246  i/I =  9720 / 11914

 step  % :  81.75256001342957  i/I =  9740 / 11914

 step  % :  81.9204297465167  i/I =  9760 / 11914

 step  % :  82.08829947960383  i/I =  9780 / 11914

 step  % :  82.25616921269095  i/I =  9800 / 11914

 step  % :  82.42403894577808  i/I =  9820 / 11914

 step  % :  82.5919086788652  i/I =  9840 / 11914

 step  % :  82.75977841195233  i/I =  9860 / 11914

 step  % :  82.92764814503944  i/I =  9880 / 11914

 step  % :  83.09551787812659  i/I =  9900 / 11914

 step  % :  83.2633876112137  i/I =  9920 / 11914

 step  % :  83.43125734430082  i/I =  9940 / 11914

 step  % :  83.59912707738795  i/I =  9960 / 11914

 step  % :  83.76699681047506  i/I =  9980 / 11914

 step  % :  83.9348665435622  i/I =  10000 / 11914
Epoch: 0 	 step: 10000.0000 

 step  % :  84.10273627664931  i/I =  10020 / 11914

 step  % :  84.27060600973645  i/I =  10040 / 11914

 step  % :  84.43847574282357  i/I =  10060 / 11914

 step  % :  84.6063454759107  i/I =  10080 / 11914

 step  % :  84.77421520899782  i/I =  10100 / 11914

 step  % :  84.94208494208493  i/I =  10120 / 11914

 step  % :  85.10995467517206  i/I =  10140 / 11914

 step  % :  85.27782440825919  i/I =  10160 / 11914

 step  % :  85.44569414134632  i/I =  10180 / 11914

 step  % :  85.61356387443344  i/I =  10200 / 11914

 step  % :  85.78143360752057  i/I =  10220 / 11914

 step  % :  85.94930334060768  i/I =  10240 / 11914

 step  % :  86.11717307369481  i/I =  10260 / 11914

 step  % :  86.28504280678195  i/I =  10280 / 11914

 step  % :  86.45291253986906  i/I =  10300 / 11914

 step  % :  86.62078227295619  i/I =  10320 / 11914

 step  % :  86.7886520060433  i/I =  10340 / 11914

 step  % :  86.95652173913044  i/I =  10360 / 11914

 step  % :  87.12439147221755  i/I =  10380 / 11914

 step  % :  87.29226120530468  i/I =  10400 / 11914

 step  % :  87.46013093839181  i/I =  10420 / 11914

 step  % :  87.62800067147893  i/I =  10440 / 11914

 step  % :  87.79587040456606  i/I =  10460 / 11914

 step  % :  87.96374013765318  i/I =  10480 / 11914

 step  % :  88.1316098707403  i/I =  10500 / 11914

 step  % :  88.29947960382744  i/I =  10520 / 11914

 step  % :  88.46734933691455  i/I =  10540 / 11914

 step  % :  88.63521907000168  i/I =  10560 / 11914

 step  % :  88.8030888030888  i/I =  10580 / 11914

 step  % :  88.97095853617593  i/I =  10600 / 11914

 step  % :  89.13882826926304  i/I =  10620 / 11914

 step  % :  89.30669800235017  i/I =  10640 / 11914

 step  % :  89.4745677354373  i/I =  10660 / 11914

 step  % :  89.64243746852443  i/I =  10680 / 11914

 step  % :  89.81030720161155  i/I =  10700 / 11914

 step  % :  89.97817693469867  i/I =  10720 / 11914

 step  % :  90.1460466677858  i/I =  10740 / 11914

 step  % :  90.31391640087291  i/I =  10760 / 11914

 step  % :  90.48178613396006  i/I =  10780 / 11914

 step  % :  90.64965586704717  i/I =  10800 / 11914

 step  % :  90.8175256001343  i/I =  10820 / 11914

 step  % :  90.98539533322142  i/I =  10840 / 11914

 step  % :  91.15326506630853  i/I =  10860 / 11914

 step  % :  91.32113479939567  i/I =  10880 / 11914

 step  % :  91.4890045324828  i/I =  10900 / 11914

 step  % :  91.65687426556993  i/I =  10920 / 11914

 step  % :  91.82474399865704  i/I =  10940 / 11914

 step  % :  91.99261373174417  i/I =  10960 / 11914

 step  % :  92.16048346483129  i/I =  10980 / 11914

 step  % :  92.32835319791842  i/I =  11000 / 11914
Epoch: 0 	 step: 11000.0000 

 step  % :  92.49622293100555  i/I =  11020 / 11914

 step  % :  92.66409266409266  i/I =  11040 / 11914

 step  % :  92.8319623971798  i/I =  11060 / 11914

 step  % :  92.99983213026691  i/I =  11080 / 11914

 step  % :  93.16770186335404  i/I =  11100 / 11914

 step  % :  93.33557159644116  i/I =  11120 / 11914

 step  % :  93.50344132952829  i/I =  11140 / 11914

 step  % :  93.67131106261542  i/I =  11160 / 11914

 step  % :  93.83918079570253  i/I =  11180 / 11914

 step  % :  94.00705052878966  i/I =  11200 / 11914

 step  % :  94.17492026187678  i/I =  11220 / 11914

 step  % :  94.34278999496391  i/I =  11240 / 11914

 step  % :  94.51065972805102  i/I =  11260 / 11914

 step  % :  94.67852946113815  i/I =  11280 / 11914

 step  % :  94.84639919422528  i/I =  11300 / 11914

 step  % :  95.0142689273124  i/I =  11320 / 11914

 step  % :  95.18213866039953  i/I =  11340 / 11914

 step  % :  95.35000839348665  i/I =  11360 / 11914

 step  % :  95.51787812657378  i/I =  11380 / 11914

 step  % :  95.6857478596609  i/I =  11400 / 11914

 step  % :  95.85361759274804  i/I =  11420 / 11914

 step  % :  96.02148732583515  i/I =  11440 / 11914

 step  % :  96.18935705892227  i/I =  11460 / 11914

 step  % :  96.3572267920094  i/I =  11480 / 11914

 step  % :  96.52509652509652  i/I =  11500 / 11914

 step  % :  96.69296625818366  i/I =  11520 / 11914

 step  % :  96.86083599127078  i/I =  11540 / 11914

 step  % :  97.0287057243579  i/I =  11560 / 11914

 step  % :  97.19657545744502  i/I =  11580 / 11914

 step  % :  97.36444519053215  i/I =  11600 / 11914

 step  % :  97.53231492361927  i/I =  11620 / 11914

 step  % :  97.70018465670638  i/I =  11640 / 11914

 step  % :  97.86805438979353  i/I =  11660 / 11914

 step  % :  98.03592412288064  i/I =  11680 / 11914

 step  % :  98.20379385596777  i/I =  11700 / 11914

 step  % :  98.37166358905489  i/I =  11720 / 11914

 step  % :  98.53953332214202  i/I =  11740 / 11914

 step  % :  98.70740305522914  i/I =  11760 / 11914

 step  % :  98.87527278831627  i/I =  11780 / 11914

 step  % :  99.0431425214034  i/I =  11800 / 11914

 step  % :  99.21101225449051  i/I =  11820 / 11914

 step  % :  99.37888198757764  i/I =  11840 / 11914

 step  % :  99.54675172066476  i/I =  11860 / 11914

 step  % :  99.71462145375189  i/I =  11880 / 11914

 step  % :  99.88249118683902  i/I =  11900 / 11914
