 c.data_path   /gpfsscratch/rech/ohv/ueu39kt/Tiles_HE_all_samples_384_384_Vahadane_2
LR schedule: [12, 18, 22]
Number of pool layers = 3
CNF coder: 512
CNF coder: 1024
CNF coder: 2048
train/test loader length 124421 124421
train/test loader batches 3888 3889
Loading weights from /gpfsscratch/rech/ohv/ueu39kt/CFLOW/weights/TumorNormal/Tumor/11/TumorNormal_wide_resnet50_2_freia-cflow_pl3_cb8_inp384_run0_Tumor_11_2.pt

Compute loss and scores on test set:
os.path.join(c.viz_dir, c.class_name, res_tab_name)   /gpfsscratch/rech/ohv/ueu39kt/CFLOW/viz/TumorNormal_Inf_TNE16-9/Tumor/results_table.csv

 step  % :  0.0  i/I =  0 / 3889
Epoch: 0 	 step: 0.0000 

 step  % :  0.5142710208279764  i/I =  20 / 3889

 step  % :  1.0285420416559528  i/I =  40 / 3889

 step  % :  1.542813062483929  i/I =  60 / 3889

 step  % :  2.0570840833119055  i/I =  80 / 3889

 step  % :  2.5713551041398817  i/I =  100 / 3889

 step  % :  3.085626124967858  i/I =  120 / 3889

 step  % :  3.5998971457958344  i/I =  140 / 3889

 step  % :  4.114168166623811  i/I =  160 / 3889

 step  % :  4.628439187451787  i/I =  180 / 3889

 step  % :  5.142710208279763  i/I =  200 / 3889

 step  % :  5.65698122910774  i/I =  220 / 3889

 step  % :  6.171252249935716  i/I =  240 / 3889

 step  % :  6.685523270763692  i/I =  260 / 3889

 step  % :  7.199794291591669  i/I =  280 / 3889

 step  % :  7.7140653124196445  i/I =  300 / 3889

 step  % :  8.228336333247622  i/I =  320 / 3889

 step  % :  8.742607354075597  i/I =  340 / 3889

 step  % :  9.256878374903573  i/I =  360 / 3889

 step  % :  9.77114939573155  i/I =  380 / 3889

 step  % :  10.285420416559527  i/I =  400 / 3889

 step  % :  10.799691437387503  i/I =  420 / 3889

 step  % :  11.31396245821548  i/I =  440 / 3889

 step  % :  11.828233479043455  i/I =  460 / 3889

 step  % :  12.342504499871431  i/I =  480 / 3889

 step  % :  12.85677552069941  i/I =  500 / 3889

 step  % :  13.371046541527384  i/I =  520 / 3889

 step  % :  13.885317562355363  i/I =  540 / 3889

 step  % :  14.399588583183338  i/I =  560 / 3889

 step  % :  14.913859604011314  i/I =  580 / 3889

 step  % :  15.428130624839289  i/I =  600 / 3889

 step  % :  15.942401645667267  i/I =  620 / 3889

 step  % :  16.456672666495244  i/I =  640 / 3889

 step  % :  16.97094368732322  i/I =  660 / 3889

 step  % :  17.485214708151194  i/I =  680 / 3889

 step  % :  17.999485728979174  i/I =  700 / 3889

 step  % :  18.513756749807147  i/I =  720 / 3889

 step  % :  19.028027770635127  i/I =  740 / 3889

 step  % :  19.5422987914631  i/I =  760 / 3889

 step  % :  20.056569812291077  i/I =  780 / 3889

 step  % :  20.570840833119053  i/I =  800 / 3889

 step  % :  21.08511185394703  i/I =  820 / 3889

 step  % :  21.599382874775007  i/I =  840 / 3889

 step  % :  22.113653895602983  i/I =  860 / 3889

 step  % :  22.62792491643096  i/I =  880 / 3889

 step  % :  23.142195937258936  i/I =  900 / 3889

 step  % :  23.65646695808691  i/I =  920 / 3889

 step  % :  24.17073797891489  i/I =  940 / 3889

 step  % :  24.685008999742863  i/I =  960 / 3889

 step  % :  25.199280020570843  i/I =  980 / 3889

 step  % :  25.71355104139882  i/I =  1000 / 3889
Epoch: 0 	 step: 1000.0000 

 step  % :  26.227822062226792  i/I =  1020 / 3889

 step  % :  26.74209308305477  i/I =  1040 / 3889

 step  % :  27.256364103882746  i/I =  1060 / 3889

 step  % :  27.770635124710726  i/I =  1080 / 3889

 step  % :  28.284906145538695  i/I =  1100 / 3889

 step  % :  28.799177166366675  i/I =  1120 / 3889

 step  % :  29.313448187194652  i/I =  1140 / 3889

 step  % :  29.82771920802263  i/I =  1160 / 3889

 step  % :  30.3419902288506  i/I =  1180 / 3889

 step  % :  30.856261249678578  i/I =  1200 / 3889

 step  % :  31.37053227050656  i/I =  1220 / 3889

 step  % :  31.884803291334535  i/I =  1240 / 3889

 step  % :  32.399074312162504  i/I =  1260 / 3889

 step  % :  32.91334533299049  i/I =  1280 / 3889

 step  % :  33.427616353818465  i/I =  1300 / 3889

 step  % :  33.94188737464644  i/I =  1320 / 3889

 step  % :  34.45615839547442  i/I =  1340 / 3889

 step  % :  34.97042941630239  i/I =  1360 / 3889

 step  % :  35.48470043713037  i/I =  1380 / 3889

 step  % :  35.99897145795835  i/I =  1400 / 3889

 step  % :  36.513242478786324  i/I =  1420 / 3889

 step  % :  37.027513499614294  i/I =  1440 / 3889

 step  % :  37.54178452044227  i/I =  1460 / 3889

 step  % :  38.056055541270254  i/I =  1480 / 3889

 step  % :  38.57032656209823  i/I =  1500 / 3889

 step  % :  39.0845975829262  i/I =  1520 / 3889

 step  % :  39.59886860375418  i/I =  1540 / 3889

 step  % :  40.11313962458215  i/I =  1560 / 3889

 step  % :  40.62741064541014  i/I =  1580 / 3889

 step  % :  41.14168166623811  i/I =  1600 / 3889

 step  % :  41.65595268706608  i/I =  1620 / 3889

 step  % :  42.17022370789406  i/I =  1640 / 3889

 step  % :  42.684494728722036  i/I =  1660 / 3889

 step  % :  43.19876574955001  i/I =  1680 / 3889

 step  % :  43.71303677037799  i/I =  1700 / 3889

 step  % :  44.227307791205966  i/I =  1720 / 3889

 step  % :  44.74157881203394  i/I =  1740 / 3889

 step  % :  45.25584983286192  i/I =  1760 / 3889

 step  % :  45.770120853689896  i/I =  1780 / 3889

 step  % :  46.28439187451787  i/I =  1800 / 3889

 step  % :  46.79866289534585  i/I =  1820 / 3889

 step  % :  47.31293391617382  i/I =  1840 / 3889

 step  % :  47.8272049370018  i/I =  1860 / 3889

 step  % :  48.34147595782978  i/I =  1880 / 3889

 step  % :  48.855746978657756  i/I =  1900 / 3889

 step  % :  49.370017999485725  i/I =  1920 / 3889

 step  % :  49.8842890203137  i/I =  1940 / 3889

 step  % :  50.398560041141685  i/I =  1960 / 3889

 step  % :  50.912831061969655  i/I =  1980 / 3889

 step  % :  51.42710208279764  i/I =  2000 / 3889
Epoch: 0 	 step: 2000.0000 

 step  % :  51.94137310362561  i/I =  2020 / 3889

 step  % :  52.455644124453585  i/I =  2040 / 3889

 step  % :  52.96991514528157  i/I =  2060 / 3889

 step  % :  53.48418616610954  i/I =  2080 / 3889

 step  % :  53.99845718693752  i/I =  2100 / 3889

 step  % :  54.51272820776549  i/I =  2120 / 3889

 step  % :  55.02699922859347  i/I =  2140 / 3889

 step  % :  55.54127024942145  i/I =  2160 / 3889

 step  % :  56.05554127024942  i/I =  2180 / 3889

 step  % :  56.56981229107739  i/I =  2200 / 3889

 step  % :  57.084083311905374  i/I =  2220 / 3889

 step  % :  57.59835433273335  i/I =  2240 / 3889

 step  % :  58.112625353561334  i/I =  2260 / 3889

 step  % :  58.626896374389304  i/I =  2280 / 3889

 step  % :  59.14116739521727  i/I =  2300 / 3889

 step  % :  59.65543841604526  i/I =  2320 / 3889

 step  % :  60.169709436873234  i/I =  2340 / 3889

 step  % :  60.6839804577012  i/I =  2360 / 3889

 step  % :  61.19825147852919  i/I =  2380 / 3889

 step  % :  61.712522499357156  i/I =  2400 / 3889

 step  % :  62.22679352018514  i/I =  2420 / 3889

 step  % :  62.74106454101312  i/I =  2440 / 3889

 step  % :  63.255335561841086  i/I =  2460 / 3889

 step  % :  63.76960658266907  i/I =  2480 / 3889

 step  % :  64.28387760349705  i/I =  2500 / 3889

 step  % :  64.79814862432501  i/I =  2520 / 3889

 step  % :  65.312419645153  i/I =  2540 / 3889

 step  % :  65.82669066598098  i/I =  2560 / 3889

 step  % :  66.34096168680895  i/I =  2580 / 3889

 step  % :  66.85523270763693  i/I =  2600 / 3889

 step  % :  67.36950372846489  i/I =  2620 / 3889

 step  % :  67.88377474929288  i/I =  2640 / 3889

 step  % :  68.39804577012086  i/I =  2660 / 3889

 step  % :  68.91231679094884  i/I =  2680 / 3889

 step  % :  69.42658781177681  i/I =  2700 / 3889

 step  % :  69.94085883260477  i/I =  2720 / 3889

 step  % :  70.45512985343277  i/I =  2740 / 3889

 step  % :  70.96940087426074  i/I =  2760 / 3889

 step  % :  71.4836718950887  i/I =  2780 / 3889

 step  % :  71.9979429159167  i/I =  2800 / 3889

 step  % :  72.51221393674466  i/I =  2820 / 3889

 step  % :  73.02648495757265  i/I =  2840 / 3889

 step  % :  73.54075597840063  i/I =  2860 / 3889

 step  % :  74.05502699922859  i/I =  2880 / 3889

 step  % :  74.56929802005658  i/I =  2900 / 3889

 step  % :  75.08356904088454  i/I =  2920 / 3889

 step  % :  75.59784006171252  i/I =  2940 / 3889

 step  % :  76.11211108254051  i/I =  2960 / 3889

 step  % :  76.62638210336847  i/I =  2980 / 3889

 step  % :  77.14065312419646  i/I =  3000 / 3889
Epoch: 0 	 step: 3000.0000 

 step  % :  77.65492414502442  i/I =  3020 / 3889

 step  % :  78.1691951658524  i/I =  3040 / 3889

 step  % :  78.68346618668039  i/I =  3060 / 3889

 step  % :  79.19773720750835  i/I =  3080 / 3889

 step  % :  79.71200822833633  i/I =  3100 / 3889

 step  % :  80.2262792491643  i/I =  3120 / 3889

 step  % :  80.74055026999228  i/I =  3140 / 3889

 step  % :  81.25482129082027  i/I =  3160 / 3889

 step  % :  81.76909231164824  i/I =  3180 / 3889

 step  % :  82.28336333247621  i/I =  3200 / 3889

 step  % :  82.79763435330419  i/I =  3220 / 3889

 step  % :  83.31190537413217  i/I =  3240 / 3889

 step  % :  83.82617639496014  i/I =  3260 / 3889

 step  % :  84.34044741578812  i/I =  3280 / 3889

 step  % :  84.8547184366161  i/I =  3300 / 3889

 step  % :  85.36898945744407  i/I =  3320 / 3889

 step  % :  85.88326047827205  i/I =  3340 / 3889

 step  % :  86.39753149910003  i/I =  3360 / 3889

 step  % :  86.911802519928  i/I =  3380 / 3889

 step  % :  87.42607354075598  i/I =  3400 / 3889

 step  % :  87.94034456158396  i/I =  3420 / 3889

 step  % :  88.45461558241193  i/I =  3440 / 3889

 step  % :  88.96888660323991  i/I =  3460 / 3889

 step  % :  89.48315762406789  i/I =  3480 / 3889

 step  % :  89.99742864489586  i/I =  3500 / 3889

 step  % :  90.51169966572384  i/I =  3520 / 3889

 step  % :  91.02597068655182  i/I =  3540 / 3889

 step  % :  91.54024170737979  i/I =  3560 / 3889

 step  % :  92.05451272820775  i/I =  3580 / 3889

 step  % :  92.56878374903575  i/I =  3600 / 3889

 step  % :  93.08305476986372  i/I =  3620 / 3889

 step  % :  93.5973257906917  i/I =  3640 / 3889

 step  % :  94.11159681151968  i/I =  3660 / 3889

 step  % :  94.62586783234764  i/I =  3680 / 3889

 step  % :  95.14013885317563  i/I =  3700 / 3889

 step  % :  95.6544098740036  i/I =  3720 / 3889

 step  % :  96.16868089483157  i/I =  3740 / 3889

 step  % :  96.68295191565956  i/I =  3760 / 3889

 step  % :  97.19722293648752  i/I =  3780 / 3889

 step  % :  97.71149395731551  i/I =  3800 / 3889

 step  % :  98.22576497814349  i/I =  3820 / 3889

 step  % :  98.74003599897145  i/I =  3840 / 3889

 step  % :  99.25430701979944  i/I =  3860 / 3889

 step  % :  99.7685780406274  i/I =  3880 / 3889
