LR schedule: [12, 18, 22]
Number of pool layers = 3
CNF coder: 512
CNF coder: 1024
CNF coder: 2048
Loading weights from /gpfsscratch/rech/ohv/ueu39kt/CFLOW/weights/tumor_normal_ki67_2809/Tumor/10/TumorNormal_wide_resnet50_2_freia-cflow_pl3_cb8_inp384_run0_Tumor_10_4.pt

Compute loss and scores on test set:
step  % :  0.0  i/I =  0 / 1121
Epoch: 0 	 step: 0.0000 
step  % :  0.8920606601248885  i/I =  10 / 1121
step  % :  1.784121320249777  i/I =  20 / 1121
step  % :  2.6761819803746656  i/I =  30 / 1121
step  % :  3.568242640499554  i/I =  40 / 1121
step  % :  4.460303300624442  i/I =  50 / 1121
step  % :  5.352363960749331  i/I =  60 / 1121
step  % :  6.244424620874219  i/I =  70 / 1121
step  % :  7.136485280999108  i/I =  80 / 1121
step  % :  8.028545941123996  i/I =  90 / 1121
step  % :  8.920606601248885  i/I =  100 / 1121
step  % :  9.812667261373774  i/I =  110 / 1121
step  % :  10.704727921498662  i/I =  120 / 1121
step  % :  11.59678858162355  i/I =  130 / 1121
step  % :  12.488849241748438  i/I =  140 / 1121
step  % :  13.380909901873327  i/I =  150 / 1121
step  % :  14.272970561998216  i/I =  160 / 1121
step  % :  15.165031222123105  i/I =  170 / 1121
step  % :  16.057091882247992  i/I =  180 / 1121
step  % :  16.94915254237288  i/I =  190 / 1121
step  % :  17.84121320249777  i/I =  200 / 1121
step  % :  18.73327386262266  i/I =  210 / 1121
step  % :  19.625334522747547  i/I =  220 / 1121
step  % :  20.517395182872438  i/I =  230 / 1121
step  % :  21.409455842997325  i/I =  240 / 1121
step  % :  22.301516503122212  i/I =  250 / 1121
step  % :  23.1935771632471  i/I =  260 / 1121
step  % :  24.08563782337199  i/I =  270 / 1121
step  % :  24.977698483496876  i/I =  280 / 1121
step  % :  25.869759143621767  i/I =  290 / 1121
step  % :  26.761819803746654  i/I =  300 / 1121
step  % :  27.653880463871545  i/I =  310 / 1121
step  % :  28.545941123996432  i/I =  320 / 1121
step  % :  29.43800178412132  i/I =  330 / 1121
step  % :  30.33006244424621  i/I =  340 / 1121
step  % :  31.222123104371097  i/I =  350 / 1121
step  % :  32.114183764495984  i/I =  360 / 1121
step  % :  33.006244424620874  i/I =  370 / 1121
step  % :  33.89830508474576  i/I =  380 / 1121
step  % :  34.79036574487065  i/I =  390 / 1121
step  % :  35.68242640499554  i/I =  400 / 1121
step  % :  36.57448706512042  i/I =  410 / 1121
step  % :  37.46654772524532  i/I =  420 / 1121
step  % :  38.35860838537021  i/I =  430 / 1121
