 c.data_path   /gpfsscratch/rech/ohv/ueu39kt/Tiles_HE_all_samples_384_384_Vahadane_2
LR schedule: [12, 18, 22]
Number of pool layers = 3
CNF coder: 512
CNF coder: 1024
CNF coder: 2048
train/test loader length 300917 300917
train/test loader batches 9403 9404
Loading weights from /gpfsscratch/rech/ohv/ueu39kt/CFLOW/weights/TumorNormal/Tumor/11/TumorNormal_wide_resnet50_2_freia-cflow_pl3_cb8_inp384_run0_Tumor_11_2.pt

Compute loss and scores on test set:
os.path.join(c.viz_dir, c.class_name, res_tab_name)   /gpfsscratch/rech/ohv/ueu39kt/CFLOW/viz/TumorNormal_Inf_TNE2/Tumor/results_table.csv

 step  % :  0.0  i/I =  0 / 9404
Epoch: 0 	 step: 0.0000 

 step  % :  0.2126754572522331  i/I =  20 / 9404

 step  % :  0.4253509145044662  i/I =  40 / 9404

 step  % :  0.6380263717566993  i/I =  60 / 9404

 step  % :  0.8507018290089324  i/I =  80 / 9404

 step  % :  1.0633772862611655  i/I =  100 / 9404

 step  % :  1.2760527435133986  i/I =  120 / 9404

 step  % :  1.4887282007656317  i/I =  140 / 9404

 step  % :  1.7014036580178649  i/I =  160 / 9404

 step  % :  1.9140791152700978  i/I =  180 / 9404

 step  % :  2.126754572522331  i/I =  200 / 9404

 step  % :  2.3394300297745643  i/I =  220 / 9404

 step  % :  2.552105487026797  i/I =  240 / 9404

 step  % :  2.7647809442790305  i/I =  260 / 9404

 step  % :  2.9774564015312635  i/I =  280 / 9404

 step  % :  3.190131858783497  i/I =  300 / 9404

 step  % :  3.4028073160357297  i/I =  320 / 9404

 step  % :  3.6154827732879626  i/I =  340 / 9404

 step  % :  3.8281582305401956  i/I =  360 / 9404

 step  % :  4.0408336877924285  i/I =  380 / 9404

 step  % :  4.253509145044662  i/I =  400 / 9404

 step  % :  4.466184602296895  i/I =  420 / 9404

 step  % :  4.6788600595491285  i/I =  440 / 9404

 step  % :  4.891535516801361  i/I =  460 / 9404

 step  % :  5.104210974053594  i/I =  480 / 9404

 step  % :  5.316886431305827  i/I =  500 / 9404

 step  % :  5.529561888558061  i/I =  520 / 9404

 step  % :  5.7422373458102935  i/I =  540 / 9404

 step  % :  5.954912803062527  i/I =  560 / 9404

 step  % :  6.167588260314759  i/I =  580 / 9404

 step  % :  6.380263717566994  i/I =  600 / 9404

 step  % :  6.592939174819226  i/I =  620 / 9404

 step  % :  6.8056146320714594  i/I =  640 / 9404

 step  % :  7.018290089323692  i/I =  660 / 9404

 step  % :  7.230965546575925  i/I =  680 / 9404

 step  % :  7.443641003828158  i/I =  700 / 9404

 step  % :  7.656316461080391  i/I =  720 / 9404

 step  % :  7.868991918332624  i/I =  740 / 9404

 step  % :  8.081667375584857  i/I =  760 / 9404

 step  % :  8.29434283283709  i/I =  780 / 9404

 step  % :  8.507018290089324  i/I =  800 / 9404

 step  % :  8.719693747341557  i/I =  820 / 9404

 step  % :  8.93236920459379  i/I =  840 / 9404

 step  % :  9.145044661846024  i/I =  860 / 9404

 step  % :  9.357720119098257  i/I =  880 / 9404

 step  % :  9.570395576350489  i/I =  900 / 9404

 step  % :  9.783071033602722  i/I =  920 / 9404

 step  % :  9.995746490854955  i/I =  940 / 9404

 step  % :  10.208421948107189  i/I =  960 / 9404

 step  % :  10.42109740535942  i/I =  980 / 9404

 step  % :  10.633772862611654  i/I =  1000 / 9404
Epoch: 0 	 step: 1000.0000 

 step  % :  10.846448319863889  i/I =  1020 / 9404

 step  % :  11.059123777116122  i/I =  1040 / 9404

 step  % :  11.271799234368354  i/I =  1060 / 9404

 step  % :  11.484474691620587  i/I =  1080 / 9404

 step  % :  11.69715014887282  i/I =  1100 / 9404

 step  % :  11.909825606125054  i/I =  1120 / 9404

 step  % :  12.122501063377285  i/I =  1140 / 9404

 step  % :  12.335176520629519  i/I =  1160 / 9404

 step  % :  12.547851977881752  i/I =  1180 / 9404

 step  % :  12.760527435133987  i/I =  1200 / 9404

 step  % :  12.973202892386219  i/I =  1220 / 9404

 step  % :  13.185878349638452  i/I =  1240 / 9404

 step  % :  13.398553806890684  i/I =  1260 / 9404

 step  % :  13.611229264142919  i/I =  1280 / 9404

 step  % :  13.82390472139515  i/I =  1300 / 9404

 step  % :  14.036580178647384  i/I =  1320 / 9404

 step  % :  14.249255635899615  i/I =  1340 / 9404

 step  % :  14.46193109315185  i/I =  1360 / 9404

 step  % :  14.674606550404084  i/I =  1380 / 9404

 step  % :  14.887282007656315  i/I =  1400 / 9404

 step  % :  15.09995746490855  i/I =  1420 / 9404

 step  % :  15.312632922160782  i/I =  1440 / 9404

 step  % :  15.525308379413016  i/I =  1460 / 9404

 step  % :  15.737983836665247  i/I =  1480 / 9404

 step  % :  15.950659293917482  i/I =  1500 / 9404

 step  % :  16.163334751169714  i/I =  1520 / 9404

 step  % :  16.37601020842195  i/I =  1540 / 9404

 step  % :  16.58868566567418  i/I =  1560 / 9404

 step  % :  16.801361122926416  i/I =  1580 / 9404

 step  % :  17.014036580178647  i/I =  1600 / 9404

 step  % :  17.22671203743088  i/I =  1620 / 9404

 step  % :  17.439387494683114  i/I =  1640 / 9404

 step  % :  17.652062951935346  i/I =  1660 / 9404

 step  % :  17.86473840918758  i/I =  1680 / 9404

 step  % :  18.077413866439812  i/I =  1700 / 9404

 step  % :  18.290089323692047  i/I =  1720 / 9404

 step  % :  18.50276478094428  i/I =  1740 / 9404

 step  % :  18.715440238196514  i/I =  1760 / 9404

 step  % :  18.928115695448746  i/I =  1780 / 9404

 step  % :  19.140791152700977  i/I =  1800 / 9404

 step  % :  19.353466609953212  i/I =  1820 / 9404

 step  % :  19.566142067205444  i/I =  1840 / 9404

 step  % :  19.77881752445768  i/I =  1860 / 9404

 step  % :  19.99149298170991  i/I =  1880 / 9404

 step  % :  20.204168438962146  i/I =  1900 / 9404

 step  % :  20.416843896214377  i/I =  1920 / 9404

 step  % :  20.62951935346661  i/I =  1940 / 9404

 step  % :  20.84219481071884  i/I =  1960 / 9404

 step  % :  21.054870267971076  i/I =  1980 / 9404

 step  % :  21.267545725223307  i/I =  2000 / 9404
Epoch: 0 	 step: 2000.0000 

 step  % :  21.480221182475542  i/I =  2020 / 9404

 step  % :  21.692896639727778  i/I =  2040 / 9404

 step  % :  21.90557209698001  i/I =  2060 / 9404

 step  % :  22.118247554232244  i/I =  2080 / 9404

 step  % :  22.330923011484476  i/I =  2100 / 9404

 step  % :  22.543598468736707  i/I =  2120 / 9404

 step  % :  22.75627392598894  i/I =  2140 / 9404

 step  % :  22.968949383241174  i/I =  2160 / 9404

 step  % :  23.181624840493406  i/I =  2180 / 9404

 step  % :  23.39430029774564  i/I =  2200 / 9404

 step  % :  23.606975754997872  i/I =  2220 / 9404

 step  % :  23.819651212250108  i/I =  2240 / 9404

 step  % :  24.03232666950234  i/I =  2260 / 9404

 step  % :  24.24500212675457  i/I =  2280 / 9404

 step  % :  24.457677584006806  i/I =  2300 / 9404

 step  % :  24.670353041259037  i/I =  2320 / 9404

 step  % :  24.883028498511273  i/I =  2340 / 9404

 step  % :  25.095703955763504  i/I =  2360 / 9404

 step  % :  25.308379413015736  i/I =  2380 / 9404

 step  % :  25.521054870267974  i/I =  2400 / 9404

 step  % :  25.733730327520206  i/I =  2420 / 9404

 step  % :  25.946405784772438  i/I =  2440 / 9404

 step  % :  26.15908124202467  i/I =  2460 / 9404

 step  % :  26.371756699276904  i/I =  2480 / 9404

 step  % :  26.584432156529136  i/I =  2500 / 9404

 step  % :  26.797107613781368  i/I =  2520 / 9404

 step  % :  27.009783071033606  i/I =  2540 / 9404

 step  % :  27.222458528285838  i/I =  2560 / 9404

 step  % :  27.43513398553807  i/I =  2580 / 9404

 step  % :  27.6478094427903  i/I =  2600 / 9404

 step  % :  27.860484900042536  i/I =  2620 / 9404

 step  % :  28.073160357294768  i/I =  2640 / 9404

 step  % :  28.285835814547  i/I =  2660 / 9404

 step  % :  28.49851127179923  i/I =  2680 / 9404

 step  % :  28.71118672905147  i/I =  2700 / 9404

 step  % :  28.9238621863037  i/I =  2720 / 9404

 step  % :  29.136537643555933  i/I =  2740 / 9404

 step  % :  29.349213100808168  i/I =  2760 / 9404

 step  % :  29.5618885580604  i/I =  2780 / 9404

 step  % :  29.77456401531263  i/I =  2800 / 9404

 step  % :  29.987239472564863  i/I =  2820 / 9404

 step  % :  30.1999149298171  i/I =  2840 / 9404

 step  % :  30.412590387069333  i/I =  2860 / 9404

 step  % :  30.625265844321564  i/I =  2880 / 9404

 step  % :  30.837941301573796  i/I =  2900 / 9404

 step  % :  31.05061675882603  i/I =  2920 / 9404

 step  % :  31.263292216078263  i/I =  2940 / 9404

 step  % :  31.475967673330494  i/I =  2960 / 9404

 step  % :  31.688643130582733  i/I =  2980 / 9404

 step  % :  31.901318587834965  i/I =  3000 / 9404
Epoch: 0 	 step: 3000.0000 

 step  % :  32.113994045087196  i/I =  3020 / 9404

 step  % :  32.32666950233943  i/I =  3040 / 9404

 step  % :  32.539344959591666  i/I =  3060 / 9404

 step  % :  32.7520204168439  i/I =  3080 / 9404

 step  % :  32.96469587409613  i/I =  3100 / 9404

 step  % :  33.17737133134836  i/I =  3120 / 9404

 step  % :  33.3900467886006  i/I =  3140 / 9404

 step  % :  33.60272224585283  i/I =  3160 / 9404

 step  % :  33.81539770310506  i/I =  3180 / 9404

 step  % :  34.028073160357295  i/I =  3200 / 9404

 step  % :  34.240748617609526  i/I =  3220 / 9404

 step  % :  34.45342407486176  i/I =  3240 / 9404

 step  % :  34.66609953211399  i/I =  3260 / 9404

 step  % :  34.87877498936623  i/I =  3280 / 9404

 step  % :  35.09145044661846  i/I =  3300 / 9404

 step  % :  35.30412590387069  i/I =  3320 / 9404

 step  % :  35.51680136112292  i/I =  3340 / 9404

 step  % :  35.72947681837516  i/I =  3360 / 9404

 step  % :  35.94215227562739  i/I =  3380 / 9404

 step  % :  36.154827732879625  i/I =  3400 / 9404

 step  % :  36.36750319013186  i/I =  3420 / 9404

 step  % :  36.580178647384095  i/I =  3440 / 9404

 step  % :  36.792854104636326  i/I =  3460 / 9404

 step  % :  37.00552956188856  i/I =  3480 / 9404

 step  % :  37.2182050191408  i/I =  3500 / 9404

 step  % :  37.43088047639303  i/I =  3520 / 9404

 step  % :  37.64355593364526  i/I =  3540 / 9404

 step  % :  37.85623139089749  i/I =  3560 / 9404

 step  % :  38.06890684814972  i/I =  3580 / 9404

 step  % :  38.281582305401955  i/I =  3600 / 9404

 step  % :  38.494257762654186  i/I =  3620 / 9404

 step  % :  38.706933219906425  i/I =  3640 / 9404

 step  % :  38.91960867715866  i/I =  3660 / 9404

 step  % :  39.13228413441089  i/I =  3680 / 9404

 step  % :  39.34495959166312  i/I =  3700 / 9404

 step  % :  39.55763504891536  i/I =  3720 / 9404

 step  % :  39.77031050616759  i/I =  3740 / 9404

 step  % :  39.98298596341982  i/I =  3760 / 9404

 step  % :  40.19566142067205  i/I =  3780 / 9404

 step  % :  40.40833687792429  i/I =  3800 / 9404

 step  % :  40.62101233517652  i/I =  3820 / 9404

 step  % :  40.833687792428755  i/I =  3840 / 9404

 step  % :  41.04636324968099  i/I =  3860 / 9404

 step  % :  41.25903870693322  i/I =  3880 / 9404

 step  % :  41.47171416418545  i/I =  3900 / 9404

 step  % :  41.68438962143768  i/I =  3920 / 9404

 step  % :  41.89706507868992  i/I =  3940 / 9404

 step  % :  42.10974053594215  i/I =  3960 / 9404

 step  % :  42.32241599319438  i/I =  3980 / 9404

 step  % :  42.535091450446615  i/I =  4000 / 9404
Epoch: 0 	 step: 4000.0000 

 step  % :  42.74776690769885  i/I =  4020 / 9404

 step  % :  42.960442364951085  i/I =  4040 / 9404

 step  % :  43.17311782220332  i/I =  4060 / 9404

 step  % :  43.385793279455555  i/I =  4080 / 9404

 step  % :  43.59846873670779  i/I =  4100 / 9404

 step  % :  43.81114419396002  i/I =  4120 / 9404

 step  % :  44.02381965121225  i/I =  4140 / 9404

 step  % :  44.23649510846449  i/I =  4160 / 9404

 step  % :  44.44917056571672  i/I =  4180 / 9404

 step  % :  44.66184602296895  i/I =  4200 / 9404

 step  % :  44.87452148022118  i/I =  4220 / 9404

 step  % :  45.087196937473415  i/I =  4240 / 9404

 step  % :  45.29987239472565  i/I =  4260 / 9404

 step  % :  45.51254785197788  i/I =  4280 / 9404

 step  % :  45.72522330923012  i/I =  4300 / 9404

 step  % :  45.93789876648235  i/I =  4320 / 9404

 step  % :  46.15057422373458  i/I =  4340 / 9404

 step  % :  46.36324968098681  i/I =  4360 / 9404

 step  % :  46.57592513823905  i/I =  4380 / 9404

 step  % :  46.78860059549128  i/I =  4400 / 9404

 step  % :  47.00127605274351  i/I =  4420 / 9404

 step  % :  47.213951509995745  i/I =  4440 / 9404

 step  % :  47.426626967247984  i/I =  4460 / 9404

 step  % :  47.639302424500215  i/I =  4480 / 9404

 step  % :  47.85197788175245  i/I =  4500 / 9404

 step  % :  48.06465333900468  i/I =  4520 / 9404

 step  % :  48.27732879625691  i/I =  4540 / 9404

 step  % :  48.49000425350914  i/I =  4560 / 9404

 step  % :  48.70267971076137  i/I =  4580 / 9404

 step  % :  48.91535516801361  i/I =  4600 / 9404

 step  % :  49.12803062526584  i/I =  4620 / 9404

 step  % :  49.340706082518075  i/I =  4640 / 9404

 step  % :  49.55338153977031  i/I =  4660 / 9404

 step  % :  49.766056997022545  i/I =  4680 / 9404

 step  % :  49.97873245427478  i/I =  4700 / 9404

 step  % :  50.19140791152701  i/I =  4720 / 9404

 step  % :  50.40408336877924  i/I =  4740 / 9404

 step  % :  50.61675882603147  i/I =  4760 / 9404

 step  % :  50.82943428328372  i/I =  4780 / 9404

 step  % :  51.04210974053595  i/I =  4800 / 9404

 step  % :  51.25478519778818  i/I =  4820 / 9404

 step  % :  51.46746065504041  i/I =  4840 / 9404

 step  % :  51.680136112292644  i/I =  4860 / 9404

 step  % :  51.892811569544875  i/I =  4880 / 9404

 step  % :  52.10548702679711  i/I =  4900 / 9404

 step  % :  52.31816248404934  i/I =  4920 / 9404

 step  % :  52.53083794130158  i/I =  4940 / 9404

 step  % :  52.74351339855381  i/I =  4960 / 9404

 step  % :  52.95618885580604  i/I =  4980 / 9404

 step  % :  53.16886431305827  i/I =  5000 / 9404
Epoch: 0 	 step: 5000.0000 

 step  % :  53.3815397703105  i/I =  5020 / 9404

 step  % :  53.594215227562735  i/I =  5040 / 9404

 step  % :  53.80689068481497  i/I =  5060 / 9404

 step  % :  54.01956614206721  i/I =  5080 / 9404

 step  % :  54.232241599319444  i/I =  5100 / 9404

 step  % :  54.444917056571676  i/I =  5120 / 9404

 step  % :  54.65759251382391  i/I =  5140 / 9404

 step  % :  54.87026797107614  i/I =  5160 / 9404

 step  % :  55.08294342832837  i/I =  5180 / 9404

 step  % :  55.2956188855806  i/I =  5200 / 9404

 step  % :  55.50829434283284  i/I =  5220 / 9404

 step  % :  55.72096980008507  i/I =  5240 / 9404

 step  % :  55.933645257337304  i/I =  5260 / 9404

 step  % :  56.146320714589535  i/I =  5280 / 9404

 step  % :  56.35899617184177  i/I =  5300 / 9404

 step  % :  56.571671629094  i/I =  5320 / 9404

 step  % :  56.78434708634623  i/I =  5340 / 9404

 step  % :  56.99702254359846  i/I =  5360 / 9404

 step  % :  57.20969800085071  i/I =  5380 / 9404

 step  % :  57.42237345810294  i/I =  5400 / 9404

 step  % :  57.63504891535517  i/I =  5420 / 9404

 step  % :  57.8477243726074  i/I =  5440 / 9404

 step  % :  58.060399829859634  i/I =  5460 / 9404

 step  % :  58.273075287111865  i/I =  5480 / 9404

 step  % :  58.4857507443641  i/I =  5500 / 9404

 step  % :  58.698426201616336  i/I =  5520 / 9404

 step  % :  58.91110165886857  i/I =  5540 / 9404

 step  % :  59.1237771161208  i/I =  5560 / 9404

 step  % :  59.33645257337303  i/I =  5580 / 9404

 step  % :  59.54912803062526  i/I =  5600 / 9404

 step  % :  59.76180348787749  i/I =  5620 / 9404

 step  % :  59.974478945129725  i/I =  5640 / 9404

 step  % :  60.18715440238197  i/I =  5660 / 9404

 step  % :  60.3998298596342  i/I =  5680 / 9404

 step  % :  60.612505316886434  i/I =  5700 / 9404

 step  % :  60.825180774138666  i/I =  5720 / 9404

 step  % :  61.0378562313909  i/I =  5740 / 9404

 step  % :  61.25053168864313  i/I =  5760 / 9404

 step  % :  61.46320714589536  i/I =  5780 / 9404

 step  % :  61.67588260314759  i/I =  5800 / 9404

 step  % :  61.88855806039983  i/I =  5820 / 9404

 step  % :  62.10123351765206  i/I =  5840 / 9404

 step  % :  62.313908974904294  i/I =  5860 / 9404

 step  % :  62.526584432156525  i/I =  5880 / 9404

 step  % :  62.73925988940876  i/I =  5900 / 9404

 step  % :  62.95193534666099  i/I =  5920 / 9404

 step  % :  63.16461080391322  i/I =  5940 / 9404

 step  % :  63.377286261165466  i/I =  5960 / 9404

 step  % :  63.5899617184177  i/I =  5980 / 9404

 step  % :  63.80263717566993  i/I =  6000 / 9404
Epoch: 0 	 step: 6000.0000 

 step  % :  64.01531263292216  i/I =  6020 / 9404

 step  % :  64.22798809017439  i/I =  6040 / 9404

 step  % :  64.44066354742662  i/I =  6060 / 9404

 step  % :  64.65333900467886  i/I =  6080 / 9404

 step  % :  64.8660144619311  i/I =  6100 / 9404

 step  % :  65.07868991918333  i/I =  6120 / 9404

 step  % :  65.29136537643556  i/I =  6140 / 9404

 step  % :  65.5040408336878  i/I =  6160 / 9404

 step  % :  65.71671629094003  i/I =  6180 / 9404

 step  % :  65.92939174819226  i/I =  6200 / 9404

 step  % :  66.14206720544449  i/I =  6220 / 9404

 step  % :  66.35474266269672  i/I =  6240 / 9404

 step  % :  66.56741811994897  i/I =  6260 / 9404

 step  % :  66.7800935772012  i/I =  6280 / 9404

 step  % :  66.99276903445343  i/I =  6300 / 9404

 step  % :  67.20544449170566  i/I =  6320 / 9404

 step  % :  67.4181199489579  i/I =  6340 / 9404

 step  % :  67.63079540621013  i/I =  6360 / 9404

 step  % :  67.84347086346236  i/I =  6380 / 9404

 step  % :  68.05614632071459  i/I =  6400 / 9404

 step  % :  68.26882177796682  i/I =  6420 / 9404

 step  % :  68.48149723521905  i/I =  6440 / 9404

 step  % :  68.69417269247128  i/I =  6460 / 9404

 step  % :  68.90684814972352  i/I =  6480 / 9404

 step  % :  69.11952360697575  i/I =  6500 / 9404

 step  % :  69.33219906422798  i/I =  6520 / 9404

 step  % :  69.54487452148022  i/I =  6540 / 9404

 step  % :  69.75754997873246  i/I =  6560 / 9404

 step  % :  69.97022543598469  i/I =  6580 / 9404

 step  % :  70.18290089323692  i/I =  6600 / 9404

 step  % :  70.39557635048915  i/I =  6620 / 9404

 step  % :  70.60825180774138  i/I =  6640 / 9404

 step  % :  70.82092726499361  i/I =  6660 / 9404

 step  % :  71.03360272224585  i/I =  6680 / 9404

 step  % :  71.24627817949809  i/I =  6700 / 9404

 step  % :  71.45895363675032  i/I =  6720 / 9404

 step  % :  71.67162909400255  i/I =  6740 / 9404

 step  % :  71.88430455125479  i/I =  6760 / 9404

 step  % :  72.09698000850702  i/I =  6780 / 9404

 step  % :  72.30965546575925  i/I =  6800 / 9404

 step  % :  72.52233092301148  i/I =  6820 / 9404

 step  % :  72.73500638026373  i/I =  6840 / 9404

 step  % :  72.94768183751596  i/I =  6860 / 9404

 step  % :  73.16035729476819  i/I =  6880 / 9404

 step  % :  73.37303275202042  i/I =  6900 / 9404

 step  % :  73.58570820927265  i/I =  6920 / 9404

 step  % :  73.79838366652488  i/I =  6940 / 9404

 step  % :  74.01105912377712  i/I =  6960 / 9404

 step  % :  74.22373458102936  i/I =  6980 / 9404

 step  % :  74.4364100382816  i/I =  7000 / 9404
Epoch: 0 	 step: 7000.0000 

 step  % :  74.64908549553382  i/I =  7020 / 9404

 step  % :  74.86176095278606  i/I =  7040 / 9404

 step  % :  75.07443641003829  i/I =  7060 / 9404

 step  % :  75.28711186729052  i/I =  7080 / 9404

 step  % :  75.49978732454275  i/I =  7100 / 9404

 step  % :  75.71246278179498  i/I =  7120 / 9404

 step  % :  75.92513823904721  i/I =  7140 / 9404

 step  % :  76.13781369629945  i/I =  7160 / 9404

 step  % :  76.35048915355168  i/I =  7180 / 9404

 step  % :  76.56316461080391  i/I =  7200 / 9404

 step  % :  76.77584006805614  i/I =  7220 / 9404

 step  % :  76.98851552530837  i/I =  7240 / 9404

 step  % :  77.2011909825606  i/I =  7260 / 9404

 step  % :  77.41386643981285  i/I =  7280 / 9404

 step  % :  77.62654189706508  i/I =  7300 / 9404

 step  % :  77.83921735431731  i/I =  7320 / 9404

 step  % :  78.05189281156954  i/I =  7340 / 9404

 step  % :  78.26456826882178  i/I =  7360 / 9404

 step  % :  78.47724372607401  i/I =  7380 / 9404

 step  % :  78.68991918332624  i/I =  7400 / 9404

 step  % :  78.90259464057847  i/I =  7420 / 9404

 step  % :  79.11527009783072  i/I =  7440 / 9404

 step  % :  79.32794555508295  i/I =  7460 / 9404

 step  % :  79.54062101233518  i/I =  7480 / 9404

 step  % :  79.75329646958741  i/I =  7500 / 9404

 step  % :  79.96597192683964  i/I =  7520 / 9404

 step  % :  80.17864738409187  i/I =  7540 / 9404

 step  % :  80.3913228413441  i/I =  7560 / 9404

 step  % :  80.60399829859635  i/I =  7580 / 9404

 step  % :  80.81667375584858  i/I =  7600 / 9404

 step  % :  81.02934921310082  i/I =  7620 / 9404

 step  % :  81.24202467035305  i/I =  7640 / 9404

 step  % :  81.45470012760528  i/I =  7660 / 9404

 step  % :  81.66737558485751  i/I =  7680 / 9404

 step  % :  81.88005104210974  i/I =  7700 / 9404

 step  % :  82.09272649936197  i/I =  7720 / 9404

 step  % :  82.3054019566142  i/I =  7740 / 9404

 step  % :  82.51807741386644  i/I =  7760 / 9404

 step  % :  82.73075287111867  i/I =  7780 / 9404

 step  % :  82.9434283283709  i/I =  7800 / 9404

 step  % :  83.15610378562313  i/I =  7820 / 9404

 step  % :  83.36877924287536  i/I =  7840 / 9404

 step  % :  83.5814547001276  i/I =  7860 / 9404

 step  % :  83.79413015737984  i/I =  7880 / 9404

 step  % :  84.00680561463207  i/I =  7900 / 9404

 step  % :  84.2194810718843  i/I =  7920 / 9404

 step  % :  84.43215652913653  i/I =  7940 / 9404

 step  % :  84.64483198638877  i/I =  7960 / 9404

 step  % :  84.857507443641  i/I =  7980 / 9404

 step  % :  85.07018290089323  i/I =  8000 / 9404
Epoch: 0 	 step: 8000.0000 

 step  % :  85.28285835814548  i/I =  8020 / 9404

 step  % :  85.4955338153977  i/I =  8040 / 9404

 step  % :  85.70820927264994  i/I =  8060 / 9404

 step  % :  85.92088472990217  i/I =  8080 / 9404

 step  % :  86.1335601871544  i/I =  8100 / 9404

 step  % :  86.34623564440663  i/I =  8120 / 9404

 step  % :  86.55891110165886  i/I =  8140 / 9404

 step  % :  86.77158655891111  i/I =  8160 / 9404

 step  % :  86.98426201616334  i/I =  8180 / 9404

 step  % :  87.19693747341557  i/I =  8200 / 9404

 step  % :  87.4096129306678  i/I =  8220 / 9404

 step  % :  87.62228838792004  i/I =  8240 / 9404

 step  % :  87.83496384517227  i/I =  8260 / 9404

 step  % :  88.0476393024245  i/I =  8280 / 9404

 step  % :  88.26031475967673  i/I =  8300 / 9404

 step  % :  88.47299021692898  i/I =  8320 / 9404

 step  % :  88.68566567418121  i/I =  8340 / 9404

 step  % :  88.89834113143344  i/I =  8360 / 9404

 step  % :  89.11101658868567  i/I =  8380 / 9404

 step  % :  89.3236920459379  i/I =  8400 / 9404

 step  % :  89.53636750319014  i/I =  8420 / 9404

 step  % :  89.74904296044237  i/I =  8440 / 9404

 step  % :  89.9617184176946  i/I =  8460 / 9404

 step  % :  90.17439387494683  i/I =  8480 / 9404

 step  % :  90.38706933219906  i/I =  8500 / 9404

 step  % :  90.5997447894513  i/I =  8520 / 9404

 step  % :  90.81242024670352  i/I =  8540 / 9404

 step  % :  91.02509570395576  i/I =  8560 / 9404

 step  % :  91.23777116120799  i/I =  8580 / 9404

 step  % :  91.45044661846023  i/I =  8600 / 9404

 step  % :  91.66312207571247  i/I =  8620 / 9404

 step  % :  91.8757975329647  i/I =  8640 / 9404

 step  % :  92.08847299021693  i/I =  8660 / 9404

 step  % :  92.30114844746916  i/I =  8680 / 9404

 step  % :  92.51382390472139  i/I =  8700 / 9404

 step  % :  92.72649936197362  i/I =  8720 / 9404

 step  % :  92.93917481922585  i/I =  8740 / 9404

 step  % :  93.1518502764781  i/I =  8760 / 9404

 step  % :  93.36452573373033  i/I =  8780 / 9404

 step  % :  93.57720119098256  i/I =  8800 / 9404

 step  % :  93.7898766482348  i/I =  8820 / 9404

 step  % :  94.00255210548703  i/I =  8840 / 9404

 step  % :  94.21522756273926  i/I =  8860 / 9404

 step  % :  94.42790301999149  i/I =  8880 / 9404

 step  % :  94.64057847724374  i/I =  8900 / 9404

 step  % :  94.85325393449597  i/I =  8920 / 9404

 step  % :  95.0659293917482  i/I =  8940 / 9404

 step  % :  95.27860484900043  i/I =  8960 / 9404

 step  % :  95.49128030625266  i/I =  8980 / 9404

 step  % :  95.7039557635049  i/I =  9000 / 9404
Epoch: 0 	 step: 9000.0000 

 step  % :  95.91663122075713  i/I =  9020 / 9404

 step  % :  96.12930667800936  i/I =  9040 / 9404

 step  % :  96.34198213526159  i/I =  9060 / 9404

 step  % :  96.55465759251382  i/I =  9080 / 9404

 step  % :  96.76733304976605  i/I =  9100 / 9404

 step  % :  96.98000850701828  i/I =  9120 / 9404

 step  % :  97.19268396427051  i/I =  9140 / 9404

 step  % :  97.40535942152275  i/I =  9160 / 9404

 step  % :  97.61803487877498  i/I =  9180 / 9404

 step  % :  97.83071033602722  i/I =  9200 / 9404

 step  % :  98.04338579327946  i/I =  9220 / 9404

 step  % :  98.25606125053169  i/I =  9240 / 9404

 step  % :  98.46873670778392  i/I =  9260 / 9404

 step  % :  98.68141216503615  i/I =  9280 / 9404

 step  % :  98.89408762228838  i/I =  9300 / 9404

 step  % :  99.10676307954061  i/I =  9320 / 9404

 step  % :  99.31943853679286  i/I =  9340 / 9404

 step  % :  99.53211399404509  i/I =  9360 / 9404

 step  % :  99.74478945129732  i/I =  9380 / 9404

 step  % :  99.95746490854955  i/I =  9400 / 9404
