 c.data_path   /gpfsscratch/rech/ohv/ueu39kt/Tiles_HE_all_samples_384_384_Vahadane_2
LR schedule: [12, 18, 22]
Number of pool layers = 3
CNF coder: 512
CNF coder: 1024
CNF coder: 2048
train/test loader length 212280 212280
train/test loader batches 6633 6634
Loading weights from /gpfsscratch/rech/ohv/ueu39kt/CFLOW/weights/TumorNormal/Tumor/11/TumorNormal_wide_resnet50_2_freia-cflow_pl3_cb8_inp384_run0_Tumor_11_2.pt

Compute loss and scores on test set:
os.path.join(c.viz_dir, c.class_name, res_tab_name)   /gpfsscratch/rech/ohv/ueu39kt/CFLOW/viz/TumorNormal_Inf_TNE13/Tumor/results_table.csv

 step  % :  0.0  i/I =  0 / 6634
Epoch: 0 	 step: 0.0000 

 step  % :  0.3014772384684956  i/I =  20 / 6634

 step  % :  0.6029544769369912  i/I =  40 / 6634

 step  % :  0.904431715405487  i/I =  60 / 6634

 step  % :  1.2059089538739824  i/I =  80 / 6634

 step  % :  1.5073861923424783  i/I =  100 / 6634

 step  % :  1.808863430810974  i/I =  120 / 6634

 step  % :  2.1103406692794695  i/I =  140 / 6634

 step  % :  2.411817907747965  i/I =  160 / 6634

 step  % :  2.7132951462164607  i/I =  180 / 6634

 step  % :  3.0147723846849566  i/I =  200 / 6634

 step  % :  3.316249623153452  i/I =  220 / 6634

 step  % :  3.617726861621948  i/I =  240 / 6634

 step  % :  3.919204100090443  i/I =  260 / 6634

 step  % :  4.220681338558939  i/I =  280 / 6634

 step  % :  4.522158577027435  i/I =  300 / 6634

 step  % :  4.82363581549593  i/I =  320 / 6634

 step  % :  5.125113053964426  i/I =  340 / 6634

 step  % :  5.4265902924329215  i/I =  360 / 6634

 step  % :  5.728067530901417  i/I =  380 / 6634

 step  % :  6.029544769369913  i/I =  400 / 6634

 step  % :  6.331022007838408  i/I =  420 / 6634

 step  % :  6.632499246306904  i/I =  440 / 6634

 step  % :  6.933976484775399  i/I =  460 / 6634

 step  % :  7.235453723243896  i/I =  480 / 6634

 step  % :  7.5369309617123905  i/I =  500 / 6634

 step  % :  7.838408200180886  i/I =  520 / 6634

 step  % :  8.139885438649381  i/I =  540 / 6634

 step  % :  8.441362677117878  i/I =  560 / 6634

 step  % :  8.742839915586373  i/I =  580 / 6634

 step  % :  9.04431715405487  i/I =  600 / 6634

 step  % :  9.345794392523365  i/I =  620 / 6634

 step  % :  9.64727163099186  i/I =  640 / 6634

 step  % :  9.948748869460356  i/I =  660 / 6634

 step  % :  10.250226107928851  i/I =  680 / 6634

 step  % :  10.551703346397346  i/I =  700 / 6634

 step  % :  10.853180584865843  i/I =  720 / 6634

 step  % :  11.154657823334338  i/I =  740 / 6634

 step  % :  11.456135061802835  i/I =  760 / 6634

 step  % :  11.75761230027133  i/I =  780 / 6634

 step  % :  12.059089538739826  i/I =  800 / 6634

 step  % :  12.360566777208321  i/I =  820 / 6634

 step  % :  12.662044015676816  i/I =  840 / 6634

 step  % :  12.963521254145313  i/I =  860 / 6634

 step  % :  13.264998492613808  i/I =  880 / 6634

 step  % :  13.566475731082303  i/I =  900 / 6634

 step  % :  13.867952969550798  i/I =  920 / 6634

 step  % :  14.169430208019296  i/I =  940 / 6634

 step  % :  14.470907446487791  i/I =  960 / 6634

 step  % :  14.772384684956286  i/I =  980 / 6634

 step  % :  15.073861923424781  i/I =  1000 / 6634
Epoch: 0 	 step: 1000.0000 

 step  % :  15.375339161893278  i/I =  1020 / 6634

 step  % :  15.676816400361773  i/I =  1040 / 6634

 step  % :  15.978293638830268  i/I =  1060 / 6634

 step  % :  16.279770877298763  i/I =  1080 / 6634

 step  % :  16.58124811576726  i/I =  1100 / 6634

 step  % :  16.882725354235756  i/I =  1120 / 6634

 step  % :  17.18420259270425  i/I =  1140 / 6634

 step  % :  17.485679831172746  i/I =  1160 / 6634

 step  % :  17.787157069641243  i/I =  1180 / 6634

 step  % :  18.08863430810974  i/I =  1200 / 6634

 step  % :  18.390111546578233  i/I =  1220 / 6634

 step  % :  18.69158878504673  i/I =  1240 / 6634

 step  % :  18.993066023515222  i/I =  1260 / 6634

 step  % :  19.29454326198372  i/I =  1280 / 6634

 step  % :  19.596020500452216  i/I =  1300 / 6634

 step  % :  19.897497738920713  i/I =  1320 / 6634

 step  % :  20.198974977389206  i/I =  1340 / 6634

 step  % :  20.500452215857702  i/I =  1360 / 6634

 step  % :  20.8019294543262  i/I =  1380 / 6634

 step  % :  21.103406692794692  i/I =  1400 / 6634

 step  % :  21.40488393126319  i/I =  1420 / 6634

 step  % :  21.706361169731686  i/I =  1440 / 6634

 step  % :  22.007838408200183  i/I =  1460 / 6634

 step  % :  22.309315646668676  i/I =  1480 / 6634

 step  % :  22.610792885137172  i/I =  1500 / 6634

 step  % :  22.91227012360567  i/I =  1520 / 6634

 step  % :  23.213747362074162  i/I =  1540 / 6634

 step  % :  23.51522460054266  i/I =  1560 / 6634

 step  % :  23.816701839011152  i/I =  1580 / 6634

 step  % :  24.118179077479653  i/I =  1600 / 6634

 step  % :  24.419656315948146  i/I =  1620 / 6634

 step  % :  24.721133554416642  i/I =  1640 / 6634

 step  % :  25.022610792885136  i/I =  1660 / 6634

 step  % :  25.324088031353632  i/I =  1680 / 6634

 step  % :  25.625565269822125  i/I =  1700 / 6634

 step  % :  25.927042508290626  i/I =  1720 / 6634

 step  % :  26.228519746759122  i/I =  1740 / 6634

 step  % :  26.529996985227616  i/I =  1760 / 6634

 step  % :  26.831474223696112  i/I =  1780 / 6634

 step  % :  27.132951462164606  i/I =  1800 / 6634

 step  % :  27.434428700633102  i/I =  1820 / 6634

 step  % :  27.735905939101595  i/I =  1840 / 6634

 step  % :  28.037383177570092  i/I =  1860 / 6634

 step  % :  28.338860416038592  i/I =  1880 / 6634

 step  % :  28.640337654507086  i/I =  1900 / 6634

 step  % :  28.941814892975582  i/I =  1920 / 6634

 step  % :  29.243292131444075  i/I =  1940 / 6634

 step  % :  29.544769369912572  i/I =  1960 / 6634

 step  % :  29.846246608381065  i/I =  1980 / 6634

 step  % :  30.147723846849562  i/I =  2000 / 6634
Epoch: 0 	 step: 2000.0000 

 step  % :  30.449201085318055  i/I =  2020 / 6634

 step  % :  30.750678323786556  i/I =  2040 / 6634

 step  % :  31.052155562255052  i/I =  2060 / 6634

 step  % :  31.353632800723545  i/I =  2080 / 6634

 step  % :  31.655110039192042  i/I =  2100 / 6634

 step  % :  31.956587277660535  i/I =  2120 / 6634

 step  % :  32.25806451612903  i/I =  2140 / 6634

 step  % :  32.559541754597525  i/I =  2160 / 6634

 step  % :  32.86101899306602  i/I =  2180 / 6634

 step  % :  33.16249623153452  i/I =  2200 / 6634

 step  % :  33.46397347000302  i/I =  2220 / 6634

 step  % :  33.76545070847151  i/I =  2240 / 6634

 step  % :  34.066927946940005  i/I =  2260 / 6634

 step  % :  34.3684051854085  i/I =  2280 / 6634

 step  % :  34.669882423877  i/I =  2300 / 6634

 step  % :  34.97135966234549  i/I =  2320 / 6634

 step  % :  35.272836900813985  i/I =  2340 / 6634

 step  % :  35.574314139282485  i/I =  2360 / 6634

 step  % :  35.87579137775098  i/I =  2380 / 6634

 step  % :  36.17726861621948  i/I =  2400 / 6634

 step  % :  36.47874585468797  i/I =  2420 / 6634

 step  % :  36.780223093156465  i/I =  2440 / 6634

 step  % :  37.08170033162496  i/I =  2460 / 6634

 step  % :  37.38317757009346  i/I =  2480 / 6634

 step  % :  37.68465480856195  i/I =  2500 / 6634

 step  % :  37.986132047030445  i/I =  2520 / 6634

 step  % :  38.287609285498945  i/I =  2540 / 6634

 step  % :  38.58908652396744  i/I =  2560 / 6634

 step  % :  38.89056376243594  i/I =  2580 / 6634

 step  % :  39.19204100090443  i/I =  2600 / 6634

 step  % :  39.493518239372925  i/I =  2620 / 6634

 step  % :  39.794995477841425  i/I =  2640 / 6634

 step  % :  40.09647271630992  i/I =  2660 / 6634

 step  % :  40.39794995477841  i/I =  2680 / 6634

 step  % :  40.69942719324691  i/I =  2700 / 6634

 step  % :  41.000904431715405  i/I =  2720 / 6634

 step  % :  41.302381670183905  i/I =  2740 / 6634

 step  % :  41.6038589086524  i/I =  2760 / 6634

 step  % :  41.90533614712089  i/I =  2780 / 6634

 step  % :  42.206813385589385  i/I =  2800 / 6634

 step  % :  42.508290624057885  i/I =  2820 / 6634

 step  % :  42.80976786252638  i/I =  2840 / 6634

 step  % :  43.11124510099488  i/I =  2860 / 6634

 step  % :  43.41272233946337  i/I =  2880 / 6634

 step  % :  43.714199577931865  i/I =  2900 / 6634

 step  % :  44.015676816400365  i/I =  2920 / 6634

 step  % :  44.31715405486886  i/I =  2940 / 6634

 step  % :  44.61863129333735  i/I =  2960 / 6634

 step  % :  44.920108531805845  i/I =  2980 / 6634

 step  % :  45.221585770274345  i/I =  3000 / 6634
Epoch: 0 	 step: 3000.0000 

 step  % :  45.523063008742845  i/I =  3020 / 6634

 step  % :  45.82454024721134  i/I =  3040 / 6634

 step  % :  46.12601748567983  i/I =  3060 / 6634

 step  % :  46.427494724148325  i/I =  3080 / 6634

 step  % :  46.728971962616825  i/I =  3100 / 6634

 step  % :  47.03044920108532  i/I =  3120 / 6634

 step  % :  47.33192643955381  i/I =  3140 / 6634

 step  % :  47.633403678022304  i/I =  3160 / 6634

 step  % :  47.934880916490805  i/I =  3180 / 6634

 step  % :  48.236358154959305  i/I =  3200 / 6634

 step  % :  48.5378353934278  i/I =  3220 / 6634

 step  % :  48.83931263189629  i/I =  3240 / 6634

 step  % :  49.140789870364785  i/I =  3260 / 6634

 step  % :  49.442267108833285  i/I =  3280 / 6634

 step  % :  49.74374434730178  i/I =  3300 / 6634

 step  % :  50.04522158577027  i/I =  3320 / 6634

 step  % :  50.346698824238764  i/I =  3340 / 6634

 step  % :  50.648176062707265  i/I =  3360 / 6634

 step  % :  50.94965330117576  i/I =  3380 / 6634

 step  % :  51.25113053964425  i/I =  3400 / 6634

 step  % :  51.55260777811276  i/I =  3420 / 6634

 step  % :  51.85408501658125  i/I =  3440 / 6634

 step  % :  52.155562255049745  i/I =  3460 / 6634

 step  % :  52.457039493518245  i/I =  3480 / 6634

 step  % :  52.75851673198674  i/I =  3500 / 6634

 step  % :  53.05999397045523  i/I =  3520 / 6634

 step  % :  53.361471208923724  i/I =  3540 / 6634

 step  % :  53.662948447392225  i/I =  3560 / 6634

 step  % :  53.96442568586072  i/I =  3580 / 6634

 step  % :  54.26590292432921  i/I =  3600 / 6634

 step  % :  54.567380162797704  i/I =  3620 / 6634

 step  % :  54.868857401266204  i/I =  3640 / 6634

 step  % :  55.1703346397347  i/I =  3660 / 6634

 step  % :  55.47181187820319  i/I =  3680 / 6634

 step  % :  55.773289116671684  i/I =  3700 / 6634

 step  % :  56.074766355140184  i/I =  3720 / 6634

 step  % :  56.37624359360869  i/I =  3740 / 6634

 step  % :  56.677720832077185  i/I =  3760 / 6634

 step  % :  56.97919807054568  i/I =  3780 / 6634

 step  % :  57.28067530901417  i/I =  3800 / 6634

 step  % :  57.582152547482664  i/I =  3820 / 6634

 step  % :  57.883629785951165  i/I =  3840 / 6634

 step  % :  58.18510702441966  i/I =  3860 / 6634

 step  % :  58.48658426288815  i/I =  3880 / 6634

 step  % :  58.78806150135665  i/I =  3900 / 6634

 step  % :  59.089538739825144  i/I =  3920 / 6634

 step  % :  59.39101597829364  i/I =  3940 / 6634

 step  % :  59.69249321676213  i/I =  3960 / 6634

 step  % :  59.993970455230624  i/I =  3980 / 6634

 step  % :  60.295447693699124  i/I =  4000 / 6634
Epoch: 0 	 step: 4000.0000 

 step  % :  60.59692493216762  i/I =  4020 / 6634

 step  % :  60.89840217063611  i/I =  4040 / 6634

 step  % :  61.19987940910461  i/I =  4060 / 6634

 step  % :  61.50135664757311  i/I =  4080 / 6634

 step  % :  61.80283388604161  i/I =  4100 / 6634

 step  % :  62.104311124510104  i/I =  4120 / 6634

 step  % :  62.4057883629786  i/I =  4140 / 6634

 step  % :  62.70726560144709  i/I =  4160 / 6634

 step  % :  63.00874283991559  i/I =  4180 / 6634

 step  % :  63.310220078384084  i/I =  4200 / 6634

 step  % :  63.61169731685258  i/I =  4220 / 6634

 step  % :  63.91317455532107  i/I =  4240 / 6634

 step  % :  64.21465179378957  i/I =  4260 / 6634

 step  % :  64.51612903225806  i/I =  4280 / 6634

 step  % :  64.81760627072656  i/I =  4300 / 6634

 step  % :  65.11908350919505  i/I =  4320 / 6634

 step  % :  65.42056074766354  i/I =  4340 / 6634

 step  % :  65.72203798613204  i/I =  4360 / 6634

 step  % :  66.02351522460054  i/I =  4380 / 6634

 step  % :  66.32499246306904  i/I =  4400 / 6634

 step  % :  66.62646970153754  i/I =  4420 / 6634

 step  % :  66.92794694000604  i/I =  4440 / 6634

 step  % :  67.22942417847453  i/I =  4460 / 6634

 step  % :  67.53090141694302  i/I =  4480 / 6634

 step  % :  67.83237865541152  i/I =  4500 / 6634

 step  % :  68.13385589388001  i/I =  4520 / 6634

 step  % :  68.4353331323485  i/I =  4540 / 6634

 step  % :  68.736810370817  i/I =  4560 / 6634

 step  % :  69.0382876092855  i/I =  4580 / 6634

 step  % :  69.339764847754  i/I =  4600 / 6634

 step  % :  69.64124208622249  i/I =  4620 / 6634

 step  % :  69.94271932469098  i/I =  4640 / 6634

 step  % :  70.24419656315948  i/I =  4660 / 6634

 step  % :  70.54567380162797  i/I =  4680 / 6634

 step  % :  70.84715104009646  i/I =  4700 / 6634

 step  % :  71.14862827856497  i/I =  4720 / 6634

 step  % :  71.45010551703346  i/I =  4740 / 6634

 step  % :  71.75158275550196  i/I =  4760 / 6634

 step  % :  72.05305999397046  i/I =  4780 / 6634

 step  % :  72.35453723243896  i/I =  4800 / 6634

 step  % :  72.65601447090745  i/I =  4820 / 6634

 step  % :  72.95749170937594  i/I =  4840 / 6634

 step  % :  73.25896894784444  i/I =  4860 / 6634

 step  % :  73.56044618631293  i/I =  4880 / 6634

 step  % :  73.86192342478142  i/I =  4900 / 6634

 step  % :  74.16340066324992  i/I =  4920 / 6634

 step  % :  74.46487790171842  i/I =  4940 / 6634

 step  % :  74.76635514018692  i/I =  4960 / 6634

 step  % :  75.06783237865541  i/I =  4980 / 6634

 step  % :  75.3693096171239  i/I =  5000 / 6634
Epoch: 0 	 step: 5000.0000 

 step  % :  75.6707868555924  i/I =  5020 / 6634

 step  % :  75.97226409406089  i/I =  5040 / 6634

 step  % :  76.2737413325294  i/I =  5060 / 6634

 step  % :  76.57521857099789  i/I =  5080 / 6634

 step  % :  76.87669580946638  i/I =  5100 / 6634

 step  % :  77.17817304793488  i/I =  5120 / 6634

 step  % :  77.47965028640338  i/I =  5140 / 6634

 step  % :  77.78112752487188  i/I =  5160 / 6634

 step  % :  78.08260476334037  i/I =  5180 / 6634

 step  % :  78.38408200180886  i/I =  5200 / 6634

 step  % :  78.68555924027736  i/I =  5220 / 6634

 step  % :  78.98703647874585  i/I =  5240 / 6634

 step  % :  79.28851371721434  i/I =  5260 / 6634

 step  % :  79.58999095568285  i/I =  5280 / 6634

 step  % :  79.89146819415134  i/I =  5300 / 6634

 step  % :  80.19294543261984  i/I =  5320 / 6634

 step  % :  80.49442267108833  i/I =  5340 / 6634

 step  % :  80.79589990955682  i/I =  5360 / 6634

 step  % :  81.09737714802533  i/I =  5380 / 6634

 step  % :  81.39885438649382  i/I =  5400 / 6634

 step  % :  81.70033162496232  i/I =  5420 / 6634

 step  % :  82.00180886343081  i/I =  5440 / 6634

 step  % :  82.3032861018993  i/I =  5460 / 6634

 step  % :  82.60476334036781  i/I =  5480 / 6634

 step  % :  82.9062405788363  i/I =  5500 / 6634

 step  % :  83.2077178173048  i/I =  5520 / 6634

 step  % :  83.50919505577329  i/I =  5540 / 6634

 step  % :  83.81067229424178  i/I =  5560 / 6634

 step  % :  84.11214953271028  i/I =  5580 / 6634

 step  % :  84.41362677117877  i/I =  5600 / 6634

 step  % :  84.71510400964726  i/I =  5620 / 6634

 step  % :  85.01658124811577  i/I =  5640 / 6634

 step  % :  85.31805848658426  i/I =  5660 / 6634

 step  % :  85.61953572505276  i/I =  5680 / 6634

 step  % :  85.92101296352126  i/I =  5700 / 6634

 step  % :  86.22249020198976  i/I =  5720 / 6634

 step  % :  86.52396744045825  i/I =  5740 / 6634

 step  % :  86.82544467892674  i/I =  5760 / 6634

 step  % :  87.12692191739524  i/I =  5780 / 6634

 step  % :  87.42839915586373  i/I =  5800 / 6634

 step  % :  87.72987639433222  i/I =  5820 / 6634

 step  % :  88.03135363280073  i/I =  5840 / 6634

 step  % :  88.33283087126922  i/I =  5860 / 6634

 step  % :  88.63430810973772  i/I =  5880 / 6634

 step  % :  88.93578534820621  i/I =  5900 / 6634

 step  % :  89.2372625866747  i/I =  5920 / 6634

 step  % :  89.5387398251432  i/I =  5940 / 6634

 step  % :  89.84021706361169  i/I =  5960 / 6634

 step  % :  90.14169430208018  i/I =  5980 / 6634

 step  % :  90.44317154054869  i/I =  6000 / 6634
Epoch: 0 	 step: 6000.0000 

 step  % :  90.74464877901718  i/I =  6020 / 6634

 step  % :  91.04612601748569  i/I =  6040 / 6634

 step  % :  91.34760325595418  i/I =  6060 / 6634

 step  % :  91.64908049442268  i/I =  6080 / 6634

 step  % :  91.95055773289117  i/I =  6100 / 6634

 step  % :  92.25203497135966  i/I =  6120 / 6634

 step  % :  92.55351220982816  i/I =  6140 / 6634

 step  % :  92.85498944829665  i/I =  6160 / 6634

 step  % :  93.15646668676514  i/I =  6180 / 6634

 step  % :  93.45794392523365  i/I =  6200 / 6634

 step  % :  93.75942116370214  i/I =  6220 / 6634

 step  % :  94.06089840217064  i/I =  6240 / 6634

 step  % :  94.36237564063913  i/I =  6260 / 6634

 step  % :  94.66385287910762  i/I =  6280 / 6634

 step  % :  94.96533011757612  i/I =  6300 / 6634

 step  % :  95.26680735604461  i/I =  6320 / 6634

 step  % :  95.5682845945131  i/I =  6340 / 6634

 step  % :  95.86976183298161  i/I =  6360 / 6634

 step  % :  96.17123907145012  i/I =  6380 / 6634

 step  % :  96.47271630991861  i/I =  6400 / 6634

 step  % :  96.7741935483871  i/I =  6420 / 6634

 step  % :  97.0756707868556  i/I =  6440 / 6634

 step  % :  97.37714802532409  i/I =  6460 / 6634

 step  % :  97.67862526379258  i/I =  6480 / 6634

 step  % :  97.98010250226108  i/I =  6500 / 6634

 step  % :  98.28157974072957  i/I =  6520 / 6634

 step  % :  98.58305697919806  i/I =  6540 / 6634

 step  % :  98.88453421766657  i/I =  6560 / 6634

 step  % :  99.18601145613506  i/I =  6580 / 6634

 step  % :  99.48748869460356  i/I =  6600 / 6634

 step  % :  99.78896593307205  i/I =  6620 / 6634
