LR schedule: [12, 18, 22]
Number of pool layers = 3
CNF coder: 512
CNF coder: 1024
CNF coder: 2048
Loading weights from /gpfsscratch/rech/ohv/ueu39kt/CFLOW/weights/TumorNormal/Tumor/11/TumorNormal_wide_resnet50_2_freia-cflow_pl3_cb8_inp384_run0_Tumor_11_2.pt

Compute loss and scores on test set:
os.path.join(c.viz_dir, c.class_name, res_tab_name)   /gpfsscratch/rech/ohv/ueu39kt/CFLOW/viz/TumorNormal_Inf_LCNEC_Massimo_2/Tumor/results_table.csv

 test_meta_epoch_lnen - step  % :  0.0  i/I =  0 / 14642
Epoch: 0 	 step: 0.0000 

 test_meta_epoch_lnen - step  % :  6.8296680781314025  i/I =  1000 / 14642
Epoch: 0 	 step: 1000.0000 

 test_meta_epoch_lnen - step  % :  13.659336156262805  i/I =  2000 / 14642
Epoch: 0 	 step: 2000.0000 

 test_meta_epoch_lnen - step  % :  20.48900423439421  i/I =  3000 / 14642
Epoch: 0 	 step: 3000.0000 

 test_meta_epoch_lnen - step  % :  27.31867231252561  i/I =  4000 / 14642
Epoch: 0 	 step: 4000.0000 

 test_meta_epoch_lnen - step  % :  34.14834039065701  i/I =  5000 / 14642
Epoch: 0 	 step: 5000.0000 

 test_meta_epoch_lnen - step  % :  40.97800846878842  i/I =  6000 / 14642
Epoch: 0 	 step: 6000.0000 

 test_meta_epoch_lnen - step  % :  47.80767654691982  i/I =  7000 / 14642
Epoch: 0 	 step: 7000.0000 

 test_meta_epoch_lnen - step  % :  54.63734462505122  i/I =  8000 / 14642
Epoch: 0 	 step: 8000.0000 

 test_meta_epoch_lnen - step  % :  61.46701270318262  i/I =  9000 / 14642
Epoch: 0 	 step: 9000.0000 

 test_meta_epoch_lnen - step  % :  68.29668078131402  i/I =  10000 / 14642
Epoch: 0 	 step: 10000.0000 

 test_meta_epoch_lnen - step  % :  75.12634885944543  i/I =  11000 / 14642
Epoch: 0 	 step: 11000.0000 

 test_meta_epoch_lnen - step  % :  81.95601693757683  i/I =  12000 / 14642
Epoch: 0 	 step: 12000.0000 

 test_meta_epoch_lnen - step  % :  88.78568501570824  i/I =  13000 / 14642
Epoch: 0 	 step: 13000.0000 

 test_meta_epoch_lnen - step  % :  95.61535309383964  i/I =  14000 / 14642
Epoch: 0 	 step: 14000.0000 
