LR schedule: [12, 18, 22]
Number of pool layers = 3
CNF coder: 512
CNF coder: 1024
CNF coder: 2048
train/test loader length 391 110
train/test loader batches 12 4
Loading weights from /gpfsscratch/rech/ohv/ueu39kt/CFLOW/weights/hazelnut/mvtec_wide_resnet50_2_freia-cflow_pl3_cb8_inp512_run0_carpet_2022-08-04-09:38:34.pt

Compute loss and scores on test set:
Epoch: 0 	 test_loss: 392788208.7877 and 5.93 fps
Heights/Widths [64, 32, 16] [64, 32, 16]
super_mask  (110, 512, 512)
DET_AUROC: 	 last: 70.12 	 max: 70.12 	 epoch_max: 0
SEG_AUROC: 	 last: 81.40 	 max: 81.40 	 epoch_max: 0
