LR schedule: [12, 18, 22]
Number of pool layers = 3
CNF coder: 512
CNF coder: 1024
CNF coder: 2048
train/test loader length 247 79
train/test loader batches 7 3
Loading weights from /gpfsscratch/rech/ohv/ueu39kt/CFLOW/weights/wood/mvtec_wide_resnet50_2_freia-cflow_pl3_cb8_inp512_run0_wood_2022-08-04-15:49:54.pt

Compute loss and scores on test set:
Epoch: 0 	 test_loss: 3629071.6570 and 5.70 fps
Heights/Widths [64, 32, 16] [64, 32, 16]
super_mask  (79, 512, 512)
DET_AUROC: 	 last: 98.16 	 max: 98.16 	 epoch_max: 0
SEG_AUROC: 	 last: 96.63 	 max: 96.63 	 epoch_max: 0
